Archive member included to satisfy reference by file (symbol)

C:/devkitPro/libtonc/lib\libtonc.a(tonc_memset.o)
                              video.o (memset32)
C:/devkitPro/devkitARM/bin/../lib/gcc/arm-none-eabi/14.2.0/thumb\libgcc.a(_udivsi3.o)
                              debug.o (__aeabi_uidiv)
C:/devkitPro/devkitARM/bin/../lib/gcc/arm-none-eabi/14.2.0/thumb\libgcc.a(_dvmd_tls.o)
                              C:/devkitPro/devkitARM/bin/../lib/gcc/arm-none-eabi/14.2.0/thumb\libgcc.a(_udivsi3.o) (__aeabi_idiv0)
C:/devkitPro/devkitARM/bin/../lib/gcc/arm-none-eabi/14.2.0/thumb\libgcc.a(_sync_none.o)
                              (__sync_synchronize_none)
C:/devkitPro/devkitARM/bin/../lib/gcc/arm-none-eabi/14.2.0/../../../../arm-none-eabi/lib/thumb\libg.a(libc_a-sprintf.o)
                              debug.o (sprintf)
C:/devkitPro/devkitARM/bin/../lib/gcc/arm-none-eabi/14.2.0/../../../../arm-none-eabi/lib/thumb\libg.a(libc_a-svfprintf.o)
                              C:/devkitPro/devkitARM/bin/../lib/gcc/arm-none-eabi/14.2.0/../../../../arm-none-eabi/lib/thumb\libg.a(libc_a-sprintf.o) (_svfprintf_r)
C:/devkitPro/devkitARM/bin/../lib/gcc/arm-none-eabi/14.2.0/../../../../arm-none-eabi/lib/thumb\libg.a(libc_a-memset.o)
                              C:/devkitPro/devkitARM/bin/../lib/gcc/arm-none-eabi/14.2.0/../../../../arm-none-eabi/lib/thumb\libg.a(libc_a-svfprintf.o) (memset)
C:/devkitPro/devkitARM/bin/../lib/gcc/arm-none-eabi/14.2.0/../../../../arm-none-eabi/lib/thumb\libg.a(libc_a-strncpy.o)
                              C:/devkitPro/devkitARM/bin/../lib/gcc/arm-none-eabi/14.2.0/../../../../arm-none-eabi/lib/thumb\libg.a(libc_a-svfprintf.o) (strncpy)
C:/devkitPro/devkitARM/bin/../lib/gcc/arm-none-eabi/14.2.0/../../../../arm-none-eabi/lib/thumb\libg.a(libc_a-wcsrtombs.o)
                              C:/devkitPro/devkitARM/bin/../lib/gcc/arm-none-eabi/14.2.0/../../../../arm-none-eabi/lib/thumb\libg.a(libc_a-svfprintf.o) (_wcsrtombs_r)
C:/devkitPro/devkitARM/bin/../lib/gcc/arm-none-eabi/14.2.0/../../../../arm-none-eabi/lib/thumb\libg.a(libc_a-svfiprintf.o)
                              C:/devkitPro/devkitARM/bin/../lib/gcc/arm-none-eabi/14.2.0/../../../../arm-none-eabi/lib/thumb\libg.a(libc_a-svfprintf.o) (__chclass)
C:/devkitPro/devkitARM/bin/../lib/gcc/arm-none-eabi/14.2.0/../../../../arm-none-eabi/lib/thumb\libg.a(libc_a-init.o)
                              C:/devkitPro/devkitARM/bin/../lib/gcc/arm-none-eabi/14.2.0/../../../../arm-none-eabi/lib/thumb/gba_crt0.o (__libc_init_array)
C:/devkitPro/devkitARM/bin/../lib/gcc/arm-none-eabi/14.2.0/../../../../arm-none-eabi/lib/thumb\libg.a(libm_a-s_frexp.o)
                              C:/devkitPro/devkitARM/bin/../lib/gcc/arm-none-eabi/14.2.0/../../../../arm-none-eabi/lib/thumb\libg.a(libc_a-svfprintf.o) (frexp)
C:/devkitPro/devkitARM/bin/../lib/gcc/arm-none-eabi/14.2.0/../../../../arm-none-eabi/lib/thumb\libg.a(libc_a-strlen-stub.o)
                              C:/devkitPro/devkitARM/bin/../lib/gcc/arm-none-eabi/14.2.0/../../../../arm-none-eabi/lib/thumb\libg.a(libc_a-svfprintf.o) (strlen)
C:/devkitPro/devkitARM/bin/../lib/gcc/arm-none-eabi/14.2.0/../../../../arm-none-eabi/lib/thumb\libg.a(libc_a-locale.o)
                              C:/devkitPro/devkitARM/bin/../lib/gcc/arm-none-eabi/14.2.0/../../../../arm-none-eabi/lib/thumb\libg.a(libc_a-svfprintf.o) (__global_locale)
C:/devkitPro/devkitARM/bin/../lib/gcc/arm-none-eabi/14.2.0/../../../../arm-none-eabi/lib/thumb\libg.a(libc_a-ssprint_r.o)
                              C:/devkitPro/devkitARM/bin/../lib/gcc/arm-none-eabi/14.2.0/../../../../arm-none-eabi/lib/thumb\libg.a(libc_a-svfprintf.o) (__ssprint_r)
C:/devkitPro/devkitARM/bin/../lib/gcc/arm-none-eabi/14.2.0/../../../../arm-none-eabi/lib/thumb\libg.a(libc_a-memchr-stub.o)
                              C:/devkitPro/devkitARM/bin/../lib/gcc/arm-none-eabi/14.2.0/../../../../arm-none-eabi/lib/thumb\libg.a(libc_a-svfprintf.o) (memchr)
C:/devkitPro/devkitARM/bin/../lib/gcc/arm-none-eabi/14.2.0/../../../../arm-none-eabi/lib/thumb\libg.a(libc_a-strcat.o)
                              C:/devkitPro/devkitARM/bin/../lib/gcc/arm-none-eabi/14.2.0/../../../../arm-none-eabi/lib/thumb\libg.a(libc_a-locale.o) (strcat)
C:/devkitPro/devkitARM/bin/../lib/gcc/arm-none-eabi/14.2.0/../../../../arm-none-eabi/lib/thumb\libg.a(libc_a-wcsnrtombs.o)
                              C:/devkitPro/devkitARM/bin/../lib/gcc/arm-none-eabi/14.2.0/../../../../arm-none-eabi/lib/thumb\libg.a(libc_a-wcsrtombs.o) (_wcsnrtombs_r)
C:/devkitPro/devkitARM/bin/../lib/gcc/arm-none-eabi/14.2.0/../../../../arm-none-eabi/lib/thumb\libg.a(libc_a-mbtowc_r.o)
                              C:/devkitPro/devkitARM/bin/../lib/gcc/arm-none-eabi/14.2.0/../../../../arm-none-eabi/lib/thumb\libg.a(libc_a-locale.o) (__ascii_mbtowc)
C:/devkitPro/devkitARM/bin/../lib/gcc/arm-none-eabi/14.2.0/../../../../arm-none-eabi/lib/thumb\libg.a(libc_a-localeconv.o)
[...]
Memory Configuration

Name             Origin             Length             Attributes
rom              0x08000000         0x02000000
iwram            0x03000000         0x00008000
ewram            0x02000000         0x00040000
*default*        0x00000000         0xffffffff

Linker script and memory map

                0x00000000                        __sync_synchronize = __sync_synchronize_none
                0x08000000                        __text_start = ORIGIN (rom)
                0x02040000                        __eheap_end = (ORIGIN (ewram) + LENGTH (ewram))
                0x03000000                        __iwram_start = ORIGIN (iwram)
                0x03008000                        __iwram_top = (ORIGIN (iwram) + LENGTH (iwram))
                0x03007fa0                        __sp_irq = (__iwram_top - 0x60)
                0x03007f00                        __sp_usr = (__sp_irq - 0xa0)
                0x03007ff8                        __irq_flags = 0x3007ff8
                0x08000000                        . = __text_start

.crt0           0x08000000      0x210
 *(.crt0)
 .crt0          0x08000000      0x210 C:/devkitPro/devkitARM/bin/../lib/gcc/arm-none-eabi/14.2.0/../../../../arm-none-eabi/lib/thumb/gba_crt0.o
                0x08000000                _start
                0x080000c4                __boot_method
                0x080000c5                __slave_number
                0x080000e0                start_vector
                0x08000210                        . = ALIGN (0x4)

.init           0x08000210        0xc
 *(SORT_NONE(.init))
 .init          0x08000210        0x4 C:/devkitPro/devkitARM/bin/../lib/gcc/arm-none-eabi/14.2.0/thumb/crti.o
                0x08000210                _init
 .init          0x08000214        0x8 C:/devkitPro/devkitARM/bin/../lib/gcc/arm-none-eabi/14.2.0/thumb/crtn.o

.plt            0x0800021c        0x0
 *(.plt)
                0x0800021c                        . = ALIGN (0x4)

.text           0x08000220     0x9c20
 *(EXCLUDE_FILE(*.iwram*) .text*)
 .text.__do_global_dtors_aux
                0x08000220       0x2c C:/devkitPro/devkitARM/bin/../lib/gcc/arm-none-eabi/14.2.0/thumb/crtbegin.o
 .text.frame_dummy
                0x0800024c       0x24 C:/devkitPro/devkitARM/bin/../lib/gcc/arm-none-eabi/14.2.0/thumb/crtbegin.o
 .text          0x08000270      0x114 debug.o
                0x08000270                logInitNoCash()
                0x080002a8                logOutputNoCash(unsigned char, char const*)
                0x080002c8                print_frames_per_second()
 .text          0x08000384      0x234 draw.o
                0x08000384                RGB8(RGB)
                0x080003a4                setup_vid_base_pal()
                0x080003ec                add_vid_pal(unsigned char, unsigned char, unsigned char)
                0x08000434                change_bg_clr(int)
                0x0800045c                plot(int, int, unsigned char)
                0x08000490                draw_line(int, int, int, int, unsigned char)
                0x0800056c                draw_triangle(int, int, int, int, int, int, unsigned char)
 .text          0x080005b8       0x50 input.o
                0x080005b8                scan_keys()
                0x080005d4                get_key(unsigned int)
                0x080005e8                get_key_down(unsigned int)
                0x080005f8                get_key_up(unsigned int)
 .text.startup  0x08000608       0x38 main.o
                0x08000608                main
 .text          0x08000640        0x8 maths.o
                0x08000640                abs32(int)
 .text          0x08000648       0xb8 timer.o
                0x08000648                start_all_timers()
                0x08000690                update_frame_timing()
                0x080006bc                get_frame_cycles()
                0x080006c8                reset_frame_count()
                0x080006d4                get_frame_count()
                0x080006e0                set_seconds_elapsed(unsigned short)
                0x080006f4                get_seconds_elapsed()
 .text          0x08000700       0x5c video.o
                0x08000700                vid_vsync()
                0x08000718                clear_screen()
                0x08000738                vid_flip()
 .text          0x0800075c      0x11c C:/devkitPro/devkitARM/bin/../lib/gcc/arm-none-eabi/14.2.0/thumb\libgcc.a(_udivsi3.o)
                0x0800075c                __aeabi_uidiv
                0x0800075c                __udivsi3
                0x08000858                __aeabi_uidivmod
 .text          0x08000878        0x4 C:/devkitPro/devkitARM/bin/../lib/gcc/arm-none-eabi/14.2.0/thumb\libgcc.a(_dvmd_tls.o)
                0x08000878                __aeabi_idiv0
                0x08000878                __aeabi_ldiv0
 .text.sprintf  0x0800087c       0x44 C:/devkitPro/devkitARM/bin/../lib/gcc/arm-none-eabi/14.2.0/../../../../arm-none-eabi/lib/thumb\libg.a(libc_a-sprintf.o)
                0x0800087c                sprintf
 .text.get_arg  0x080008c0      0x428 C:/devkitPro/devkitARM/bin/../lib/gcc/arm-none-eabi/14.2.0/../../../../arm-none-eabi/lib/thumb\libg.a(libc_a-svfprintf.o)
 .text._svfprintf_r
                0x08000ce8     0x23dc C:/devkitPro/devkitARM/bin/../lib/gcc/arm-none-eabi/14.2.0/../../../../arm-none-eabi/lib/thumb\libg.a(libc_a-svfprintf.o)
                0x08000ce8                _svfprintf_r
 .text.memset   0x080030c4       0x98 C:/devkitPro/devkitARM/bin/../lib/gcc/arm-none-eabi/14.2.0/../../../../arm-none-eabi/lib/thumb\libg.a(libc_a-memset.o)
                0x080030c4                memset
 .text.strncpy  0x0800315c       0x68 C:/devkitPro/devkitARM/bin/../lib/gcc/arm-none-eabi/14.2.0/../../../../arm-none-eabi/lib/thumb\libg.a(libc_a-strncpy.o)
                0x0800315c                strncpy
 .text._wcsrtombs_r
                0x080031c4       0x1c C:/devkitPro/devkitARM/bin/../lib/gcc/arm-none-eabi/14.2.0/../../../../arm-none-eabi/lib/thumb\libg.a(libc_a-wcsrtombs.o)
                0x080031c4                _wcsrtombs_r
 .text.__libc_init_array
                0x080031e0       0x54 C:/devkitPro/devkitARM/bin/../lib/gcc/arm-none-eabi/14.2.0/../../../../arm-none-eabi/lib/thumb\libg.a(libc_a-init.o)
                0x080031e0                __libc_init_array
 .text.frexp    0x08003234       0x6c C:/devkitPro/devkitARM/bin/../lib/gcc/arm-none-eabi/14.2.0/../../../../arm-none-eabi/lib/thumb\libg.a(libm_a-s_frexp.o)
                0x08003234                frexp
 .text.strlen   0x080032a0       0x60 C:/devkitPro/devkitARM/bin/../lib/gcc/arm-none-eabi/14.2.0/../../../../arm-none-eabi/lib/thumb\libg.a(libc_a-strlen-stub.o)
                0x080032a0                strlen
 .text.__locale_mb_cur_max
                0x08003300       0x20 C:/devkitPro/devkitARM/bin/../lib/gcc/arm-none-eabi/14.2.0/../../../../arm-none-eabi/lib/thumb\libg.a(libc_a-locale.o)
                0x08003300                __locale_mb_cur_max
 .text.__ssprint_r
                0x08003320       0x60 C:/devkitPro/devkitARM/bin/../lib/gcc/arm-none-eabi/14.2.0/../../../../arm-none-eabi/lib/thumb\libg.a(libc_a-ssprint_r.o)
                0x08003320                __ssprint_r
 .text.memchr   0x08003380       0x80 C:/devkitPro/devkitARM/bin/../lib/gcc/arm-none-eabi/14.2.0/../../../../arm-none-eabi/lib/thumb\libg.a(libc_a-memchr-stub.o)
                0x08003380                memchr
 .text._wcsnrtombs_l
                0x08003400      0x10c C:/devkitPro/devkitARM/bin/../lib/gcc/arm-none-eabi/14.2.0/../../../../arm-none-eabi/lib/thumb\libg.a(libc_a-wcsnrtombs.o)
                0x08003400                _wcsnrtombs_l
 .text._wcsnrtombs_r
                0x0800350c       0x40 C:/devkitPro/devkitARM/bin/../lib/gcc/arm-none-eabi/14.2.0/../../../../arm-none-eabi/lib/thumb\libg.a(libc_a-wcsnrtombs.o)
                0x0800350c                _wcsnrtombs_r
 .text.__utf8_mbtowc
                0x0800354c      0x234 C:/devkitPro/devkitARM/bin/../lib/gcc/arm-none-eabi/14.2.0/../../../../arm-none-eabi/lib/thumb\libg.a(libc_a-mbtowc_r.o)
                0x0800354c                __utf8_mbtowc
 .text._localeconv_r
                0x08003780       0x1c C:/devkitPro/devkitARM/bin/../lib/gcc/arm-none-eabi/14.2.0/../../../../arm-none-eabi/lib/thumb\libg.a(libc_a-localeconv.o)
                0x08003780                _localeconv_r
 .text._malloc_r
                0x0800379c      0x588 C:/devkitPro/devkitARM/bin/../lib/gcc/arm-none-eabi/14.2.0/../../../../arm-none-eabi/lib/thumb\libg.a(libc_a-mallocr.o)
                0x0800379c                _malloc_r
 .text.quorem   0x08003d24      0x154 C:/devkitPro/devkitARM/bin/../lib/gcc/arm-none-eabi/14.2.0/../../../../arm-none-eabi/lib/thumb\libg.a(libc_a-dtoa.o)
 .text._dtoa_r  0x08003e78     0x1140 C:/devkitPro/devkitARM/bin/../lib/gcc/arm-none-eabi/14.2.0/../../../../arm-none-eabi/lib/thumb\libg.a(libc_a-dtoa.o)
                0x08003e78                _dtoa_r
 .text._wcrtomb_r
                0x08004fb8       0x84 C:/devkitPro/devkitARM/bin/../lib/gcc/arm-none-eabi/14.2.0/../../../../arm-none-eabi/lib/thumb\libg.a(libc_a-wcrtomb.o)
                0x08004fb8                _wcrtomb_r
 .text._malloc_trim_r
                0x0800503c       0xac C:/devkitPro/devkitARM/bin/../lib/gcc/arm-none-eabi/14.2.0/../../../../arm-none-eabi/lib/thumb\libg.a(libc_a-freer.o)
                0x0800503c                _malloc_trim_r
 .text._free_r  0x080050e8      0x1f4 C:/devkitPro/devkitARM/bin/../lib/gcc/arm-none-eabi/14.2.0/../../../../arm-none-eabi/lib/thumb\libg.a(libc_a-freer.o)
                0x080050e8                _free_r
 .text.__errno  0x080052dc        0xc C:/devkitPro/devkitARM/bin/../lib/gcc/arm-none-eabi/14.2.0/../../../../arm-none-eabi/lib/thumb\libg.a(libc_a-errno.o)
                0x080052dc                __errno
 .text.memcpy   0x080052e8       0xb0 C:/devkitPro/devkitARM/bin/../lib/gcc/arm-none-eabi/14.2.0/../../../../arm-none-eabi/lib/thumb\libg.a(libc_a-memcpy-stub.o)
                0x080052e8                memcpy
 .text.__ssputs_r
                0x08005398       0xd4 C:/devkitPro/devkitARM/bin/../lib/gcc/arm-none-eabi/14.2.0/../../../../arm-none-eabi/lib/thumb\libg.a(libc_a-ssputs_r.o)
                0x08005398                __ssputs_r
 .text.__malloc_lock
                0x0800546c       0x14 C:/devkitPro/devkitARM/bin/../lib/gcc/arm-none-eabi/14.2.0/../../../../arm-none-eabi/lib/thumb\libg.a(libc_a-mlock.o)
                0x0800546c                __malloc_lock
 .text.__malloc_unlock
                0x08005480       0x14 C:/devkitPro/devkitARM/bin/../lib/gcc/arm-none-eabi/14.2.0/../../../../arm-none-eabi/lib/thumb\libg.a(libc_a-mlock.o)
                0x08005480                __malloc_unlock
 .text.__utf8_wctomb
                0x08005494       0xb4 C:/devkitPro/devkitARM/bin/../lib/gcc/arm-none-eabi/14.2.0/../../../../arm-none-eabi/lib/thumb\libg.a(libc_a-wctomb_r.o)
                0x08005494                __utf8_wctomb
 .text.memmove  0x08005548       0xcc C:/devkitPro/devkitARM/bin/../lib/gcc/arm-none-eabi/14.2.0/../../../../arm-none-eabi/lib/thumb\libg.a(libc_a-memmove.o)
                0x08005548                memmove
 .text.__assert_func
                0x08005614       0x40 C:/devkitPro/devkitARM/bin/../lib/gcc/arm-none-eabi/14.2.0/../../../../arm-none-eabi/lib/thumb\libg.a(libc_a-assert.o)
                0x08005614                __assert_func
 .text._Balloc  0x08005654       0x54 C:/devkitPro/devkitARM/bin/../lib/gcc/arm-none-eabi/14.2.0/../../../../arm-none-eabi/lib/thumb\libg.a(libc_a-mprec.o)
                0x08005654                _Balloc
 .text._Bfree   0x080056a8       0x14 C:/devkitPro/devkitARM/bin/../lib/gcc/arm-none-eabi/14.2.0/../../../../arm-none-eabi/lib/thumb\libg.a(libc_a-mprec.o)
                0x080056a8                _Bfree
 .text.__multadd
                0x080056bc       0xa8 C:/devkitPro/devkitARM/bin/../lib/gcc/arm-none-eabi/14.2.0/../../../../arm-none-eabi/lib/thumb\libg.a(libc_a-mprec.o)
                0x080056bc                __multadd
 .text.__hi0bits
                0x08005764       0x60 C:/devkitPro/devkitARM/bin/../lib/gcc/arm-none-eabi/14.2.0/../../../../arm-none-eabi/lib/thumb\libg.a(libc_a-mprec.o)
                0x08005764                __hi0bits
 .text.__lo0bits
                0x080057c4       0x94 C:/devkitPro/devkitARM/bin/../lib/gcc/arm-none-eabi/14.2.0/../../../../arm-none-eabi/lib/thumb\libg.a(libc_a-mprec.o)
                0x080057c4                __lo0bits
 .text.__i2b    0x08005858       0x64 C:/devkitPro/devkitARM/bin/../lib/gcc/arm-none-eabi/14.2.0/../../../../arm-none-eabi/lib/thumb\libg.a(libc_a-mprec.o)
                0x08005858                __i2b
 .text.__multiply
                0x080058bc      0x1b4 C:/devkitPro/devkitARM/bin/../lib/gcc/arm-none-eabi/14.2.0/../../../../arm-none-eabi/lib/thumb\libg.a(libc_a-mprec.o)
                0x080058bc                __multiply
 .text.__pow5mult
                0x08005a70       0xdc C:/devkitPro/devkitARM/bin/../lib/gcc/arm-none-eabi/14.2.0/../../../../arm-none-eabi/lib/thumb\libg.a(libc_a-mprec.o)
                0x08005a70                __pow5mult
 .text.__lshift
                0x08005b4c      0x100 C:/devkitPro/devkitARM/bin/../lib/gcc/arm-none-eabi/14.2.0/../../../../arm-none-eabi/lib/thumb\libg.a(libc_a-mprec.o)
                0x08005b4c                __lshift
 .text.__mcmp   0x08005c4c       0x40 C:/devkitPro/devkitARM/bin/../lib/gcc/arm-none-eabi/14.2.0/../../../../arm-none-eabi/lib/thumb\libg.a(libc_a-mprec.o)
                0x08005c4c                __mcmp
 .text.__mdiff  0x08005c8c      0x1ac C:/devkitPro/devkitARM/bin/../lib/gcc/arm-none-eabi/14.2.0/../../../../arm-none-eabi/lib/thumb\libg.a(libc_a-mprec.o)
                0x08005c8c                __mdiff
 .text.__d2b    0x08005e38       0xc8 C:/devkitPro/devkitARM/bin/../lib/gcc/arm-none-eabi/14.2.0/../../../../arm-none-eabi/lib/thumb\libg.a(libc_a-mprec.o)
                0x08005e38                __d2b
 .text.fiprintf
                0x08005f00       0x28 C:/devkitPro/devkitARM/bin/../lib/gcc/arm-none-eabi/14.2.0/../../../../arm-none-eabi/lib/thumb\libg.a(libc_a-fiprintf.o)
                0x08005f00                fiprintf
 .text.abort    0x08005f28       0x10 C:/devkitPro/devkitARM/bin/../lib/gcc/arm-none-eabi/14.2.0/../../../../arm-none-eabi/lib/thumb\libg.a(libc_a-abort.o)
                0x08005f28                abort
 .text._calloc_r
                0x08005f38       0xb8 C:/devkitPro/devkitARM/bin/../lib/gcc/arm-none-eabi/14.2.0/../../../../arm-none-eabi/lib/thumb\libg.a(libc_a-callocr.o)
                0x08005f38                _calloc_r
 .text._realloc_r
                0x08005ff0      0x384 C:/devkitPro/devkitARM/bin/../lib/gcc/arm-none-eabi/14.2.0/../../../../arm-none-eabi/lib/thumb\libg.a(libc_a-reallocr.o)
                0x08005ff0                _realloc_r
 .text._raise_r
                0x08006374       0x60 C:/devkitPro/devkitARM/bin/../lib/gcc/arm-none-eabi/14.2.0/../../../../arm-none-eabi/lib/thumb\libg.a(libc_a-signal.o)
                0x08006374                _raise_r
 .text.raise    0x080063d4       0x14 C:/devkitPro/devkitARM/bin/../lib/gcc/arm-none-eabi/14.2.0/../../../../arm-none-eabi/lib/thumb\libg.a(libc_a-signal.o)
                0x080063d4                raise
 .text.get_arg  0x080063e8      0x428 C:/devkitPro/devkitARM/bin/../lib/gcc/arm-none-eabi/14.2.0/../../../../arm-none-eabi/lib/thumb\libg.a(libc_a-vfiprintf.o)
 .text._vfiprintf_r
                0x08006810     0x1724 C:/devkitPro/devkitARM/bin/../lib/gcc/arm-none-eabi/14.2.0/../../../../arm-none-eabi/lib/thumb\libg.a(libc_a-vfiprintf.o)
                0x08006810                _vfiprintf_r
 .text.__sbprintf
                0x08007f34       0x7c C:/devkitPro/devkitARM/bin/../lib/gcc/arm-none-eabi/14.2.0/../../../../arm-none-eabi/lib/thumb\libg.a(libc_a-vfiprintf.o)
 .text.__sprint_r
                0x08007fb0       0x24 C:/devkitPro/devkitARM/bin/../lib/gcc/arm-none-eabi/14.2.0/../../../../arm-none-eabi/lib/thumb\libg.a(libc_a-sprint_r.o)
                0x08007fb0                __sprint_r
 .text.stdio_exit_handler
                0x08007fd4       0x20 C:/devkitPro/devkitARM/bin/../lib/gcc/arm-none-eabi/14.2.0/../../../../arm-none-eabi/lib/thumb\libg.a(libc_a-findfp.o)
 .text.cleanup_stdio
                0x08007ff4       0x40 C:/devkitPro/devkitARM/bin/../lib/gcc/arm-none-eabi/14.2.0/../../../../arm-none-eabi/lib/thumb\libg.a(libc_a-findfp.o)
 .text.global_stdio_init.part.0
                0x08008034      0x128 C:/devkitPro/devkitARM/bin/../lib/gcc/arm-none-eabi/14.2.0/../../../../arm-none-eabi/lib/thumb\libg.a(libc_a-findfp.o)
 .text.__sinit  0x0800815c       0x3c C:/devkitPro/devkitARM/bin/../lib/gcc/arm-none-eabi/14.2.0/../../../../arm-none-eabi/lib/thumb\libg.a(libc_a-findfp.o)
                0x0800815c                __sinit
 .text.__sfp_lock_acquire
                0x08008198       0x14 C:/devkitPro/devkitARM/bin/../lib/gcc/arm-none-eabi/14.2.0/../../../../arm-none-eabi/lib/thumb\libg.a(libc_a-findfp.o)
                0x08008198                __sfp_lock_acquire
 .text.__sfp_lock_release
                0x080081ac       0x14 C:/devkitPro/devkitARM/bin/../lib/gcc/arm-none-eabi/14.2.0/../../../../arm-none-eabi/lib/thumb\libg.a(libc_a-findfp.o)
                0x080081ac                __sfp_lock_release
 .text._fwalk_sglue
                0x080081c0       0x4c C:/devkitPro/devkitARM/bin/../lib/gcc/arm-none-eabi/14.2.0/../../../../arm-none-eabi/lib/thumb\libg.a(libc_a-fwalk.o)
                0x080081c0                _fwalk_sglue
 .text.__swsetup_r
                0x0800820c      0x100 C:/devkitPro/devkitARM/bin/../lib/gcc/arm-none-eabi/14.2.0/../../../../arm-none-eabi/lib/thumb\libg.a(libc_a-wsetup.o)
                0x0800820c                __swsetup_r
 .text.__sflush_r
                0x0800830c      0x194 C:/devkitPro/devkitARM/bin/../lib/gcc/arm-none-eabi/14.2.0/../../../../arm-none-eabi/lib/thumb\libg.a(libc_a-fflush.o)
                0x0800830c                __sflush_r
 .text._fflush_r
                0x080084a0       0x70 C:/devkitPro/devkitARM/bin/../lib/gcc/arm-none-eabi/14.2.0/../../../../arm-none-eabi/lib/thumb\libg.a(libc_a-fflush.o)
                0x080084a0                _fflush_r
 .text.__sfvwrite_r
                0x08008510      0x304 C:/devkitPro/devkitARM/bin/../lib/gcc/arm-none-eabi/14.2.0/../../../../arm-none-eabi/lib/thumb\libg.a(libc_a-fvwrite.o)
                0x08008510                __sfvwrite_r
 .text.__sread  0x08008814       0x34 C:/devkitPro/devkitARM/bin/../lib/gcc/arm-none-eabi/14.2.0/../../../../arm-none-eabi/lib/thumb\libg.a(libc_a-stdio.o)
                0x08008814                __sread
 .text.__swrite
                0x08008848       0x4c C:/devkitPro/devkitARM/bin/../lib/gcc/arm-none-eabi/14.2.0/../../../../arm-none-eabi/lib/thumb\libg.a(libc_a-stdio.o)
                0x08008848                __swrite
 .text.__sseek  0x08008894       0x3c C:/devkitPro/devkitARM/bin/../lib/gcc/arm-none-eabi/14.2.0/../../../../arm-none-eabi/lib/thumb\libg.a(libc_a-stdio.o)
                0x08008894                __sseek
 .text.__sclose
                0x080088d0       0x10 C:/devkitPro/devkitARM/bin/../lib/gcc/arm-none-eabi/14.2.0/../../../../arm-none-eabi/lib/thumb\libg.a(libc_a-stdio.o)
                0x080088d0                __sclose
 .text._fclose_r
                0x080088e0       0xd4 C:/devkitPro/devkitARM/bin/../lib/gcc/arm-none-eabi/14.2.0/../../../../arm-none-eabi/lib/thumb\libg.a(libc_a-fclose.o)
                0x080088e0                _fclose_r
 .text.__smakebuf_r
                0x080089b4       0xdc C:/devkitPro/devkitARM/bin/../lib/gcc/arm-none-eabi/14.2.0/../../../../arm-none-eabi/lib/thumb\libg.a(libc_a-makebuf.o)
                0x080089b4                __smakebuf_r
 .text._memalign_r
                0x08008a90      0x128 C:/devkitPro/devkitARM/bin/../lib/gcc/arm-none-eabi/14.2.0/../../../../arm-none-eabi/lib/thumb\libg.a(libc_a-malignr.o)
                0x08008a90                _memalign_r
 .text._exit    0x08008bb8       0x14 C:/devkitPro/devkitARM/bin/../lib/gcc/arm-none-eabi/14.2.0/../../../../arm-none-eabi/lib/thumb\libsysbase.a(libsysbase_libsysbase_a-_exit.o)
                0x08008bb8                _exit
 .text._fstat_r
                0x08008bcc       0x58 C:/devkitPro/devkitARM/bin/../lib/gcc/arm-none-eabi/14.2.0/../../../../arm-none-eabi/lib/thumb\libsysbase.a(libsysbase_libsysbase_a-fstat.o)
                0x08008bcc                _fstat_r
 .text._getpid_r
                0x08008c24        0xc C:/devkitPro/devkitARM/bin/../lib/gcc/arm-none-eabi/14.2.0/../../../../arm-none-eabi/lib/thumb\libsysbase.a(libsysbase_libsysbase_a-getpid.o)
                0x08008c24                _getpid_r
 .text.__getreent
                0x08008c30       0x20 C:/devkitPro/devkitARM/bin/../lib/gcc/arm-none-eabi/14.2.0/../../../../arm-none-eabi/lib/thumb\libsysbase.a(libsysbase_libsysbase_a-getreent.o)
                0x08008c30                __getreent
 .text.__get_handle
                0x08008c50       0x34 C:/devkitPro/devkitARM/bin/../lib/gcc/arm-none-eabi/14.2.0/../../../../arm-none-eabi/lib/thumb\libsysbase.a(libsysbase_libsysbase_a-handle_manager.o)
                0x08008c50                __get_handle
 .text._close_r
                0x08008c84       0xb8 C:/devkitPro/devkitARM/bin/../lib/gcc/arm-none-eabi/14.2.0/../../../../arm-none-eabi/lib/thumb\libsysbase.a(libsysbase_libsysbase_a-handle_manager.o)
                0x08008c84                _close_r
 .text.null_write
                0x08008d3c        0x4 C:/devkitPro/devkitARM/bin/../lib/gcc/arm-none-eabi/14.2.0/../../../../arm-none-eabi/lib/thumb\libsysbase.a(libsysbase_libsysbase_a-iosupport.o)
 .text._isatty_r
                0x08008d40        0x4 C:/devkitPro/devkitARM/bin/../lib/gcc/arm-none-eabi/14.2.0/../../../../arm-none-eabi/lib/thumb\libsysbase.a(libsysbase_libsysbase_a-isatty.o)
                0x08008d40                _isatty_r
 .text._kill_r  0x08008d44        0xc C:/devkitPro/devkitARM/bin/../lib/gcc/arm-none-eabi/14.2.0/../../../../arm-none-eabi/lib/thumb\libsysbase.a(libsysbase_libsysbase_a-kill.o)
                0x08008d44                _kill_r
 .text._lseek_r
                0x08008d50       0x60 C:/devkitPro/devkitARM/bin/../lib/gcc/arm-none-eabi/14.2.0/../../../../arm-none-eabi/lib/thumb\libsysbase.a(libsysbase_libsysbase_a-lseek.o)
                0x08008d50                _lseek_r
 .text._read_r  0x08008db0       0x58 C:/devkitPro/devkitARM/bin/../lib/gcc/arm-none-eabi/14.2.0/../../../../arm-none-eabi/lib/thumb\libsysbase.a(libsysbase_libsysbase_a-read.o)
                0x08008db0                _read_r
 .text._sbrk_r  0x08008e08       0x54 C:/devkitPro/devkitARM/bin/../lib/gcc/arm-none-eabi/14.2.0/../../../../arm-none-eabi/lib/thumb\libsysbase.a(libsysbase_libsysbase_a-sbrk.o)
                0x08008e08                _sbrk_r
 .text.__libc_lock_acquire
                0x08008e5c       0x18 C:/devkitPro/devkitARM/bin/../lib/gcc/arm-none-eabi/14.2.0/../../../../arm-none-eabi/lib/thumb\libsysbase.a(libsysbase_libsysbase_a-syscall_support.o)
                0x08008e5c                __libc_lock_acquire
 .text.__libc_lock_release
                0x08008e74       0x18 C:/devkitPro/devkitARM/bin/../lib/gcc/arm-none-eabi/14.2.0/../../../../arm-none-eabi/lib/thumb\libsysbase.a(libsysbase_libsysbase_a-syscall_support.o)
                0x08008e74                __libc_lock_release
 .text.__libc_lock_acquire_recursive
                0x08008e8c       0x18 C:/devkitPro/devkitARM/bin/../lib/gcc/arm-none-eabi/14.2.0/../../../../arm-none-eabi/lib/thumb\libsysbase.a(libsysbase_libsysbase_a-syscall_support.o)
                0x08008e8c                __libc_lock_acquire_recursive
 .text.__libc_lock_release_recursive
                0x08008ea4       0x18 C:/devkitPro/devkitARM/bin/../lib/gcc/arm-none-eabi/14.2.0/../../../../arm-none-eabi/lib/thumb\libsysbase.a(libsysbase_libsysbase_a-syscall_support.o)
                0x08008ea4                __libc_lock_release_recursive
 .text._write_r
                0x08008ebc       0x58 C:/devkitPro/devkitARM/bin/../lib/gcc/arm-none-eabi/14.2.0/../../../../arm-none-eabi/lib/thumb\libsysbase.a(libsysbase_libsysbase_a-write.o)
                0x08008ebc                _write_r
 .text          0x08008f14       0x14 C:/devkitPro/devkitARM/bin/../lib/gcc/arm-none-eabi/14.2.0/thumb\libgcc.a(_thumb1_case_uqi.o)
                0x08008f14                __gnu_thumb1_case_uqi
 .text          0x08008f28       0x14 C:/devkitPro/devkitARM/bin/../lib/gcc/arm-none-eabi/14.2.0/thumb\libgcc.a(_thumb1_case_uhi.o)
                0x08008f28                __gnu_thumb1_case_uhi
 .text          0x08008f3c      0x150 C:/devkitPro/devkitARM/bin/../lib/gcc/arm-none-eabi/14.2.0/thumb\libgcc.a(_divsi3.o)
                0x08008f3c                __divsi3
                0x08008f3c                __aeabi_idiv
                0x0800906c                __aeabi_idivmod
 .text          0x0800908c      0x424 C:/devkitPro/devkitARM/bin/../lib/gcc/arm-none-eabi/14.2.0/thumb\libgcc.a(_arm_addsubdf3.o)
                0x0800908c                __aeabi_drsub
                0x08009094                __aeabi_dsub
                0x08009094                __subdf3
                0x08009098                __aeabi_dadd
                0x08009098                __adddf3
                0x080093a8                __floatunsidf
                0x080093a8                __aeabi_ui2d
                0x080093cc                __floatsidf
                0x080093cc                __aeabi_i2d
                0x080093f4                __aeabi_f2d
                0x080093f4                __extendsfdf2
                0x0800943c                __floatundidf
                0x0800943c                __aeabi_ul2d
                0x08009450                __floatdidf
                0x08009450                __aeabi_l2d
 .text          0x080094b0      0x49c C:/devkitPro/devkitARM/bin/../lib/gcc/arm-none-eabi/14.2.0/thumb\libgcc.a(_arm_muldivdf3.o)
                0x080094b0                __aeabi_dmul
                0x080094b0                __muldf3
                0x08009740                __divdf3
                0x08009740                __aeabi_ddiv
 .text          0x0800994c      0x144 C:/devkitPro/devkitARM/bin/../lib/gcc/arm-none-eabi/14.2.0/thumb\libgcc.a(_arm_cmpdf2.o)
                0x0800994c                __gtdf2
                0x0800994c                __gedf2
                0x08009954                __ltdf2
                0x08009954                __ledf2
                0x0800995c                __nedf2
                0x0800995c                __eqdf2
                0x0800995c                __cmpdf2
                0x080099e4                __aeabi_cdrcmple
                0x08009a00                __aeabi_cdcmpeq
                0x08009a00                __aeabi_cdcmple
                0x08009a18                __aeabi_dcmpeq
                0x08009a30                __aeabi_dcmplt
                0x08009a48                __aeabi_dcmple
                0x08009a60                __aeabi_dcmpge
                0x08009a78                __aeabi_dcmpgt
 .text          0x08009a90       0x38 C:/devkitPro/devkitARM/bin/../lib/gcc/arm-none-eabi/14.2.0/thumb\libgcc.a(_arm_unorddf2.o)
                0x08009a90                __unorddf2
                0x08009a90                __aeabi_dcmpun
 .text          0x08009ac8       0x5c C:/devkitPro/devkitARM/bin/../lib/gcc/arm-none-eabi/14.2.0/thumb\libgcc.a(_arm_fixdfsi.o)
                0x08009ac8                __aeabi_d2iz
                0x08009ac8                __fixdfsi
 .text          0x08009b24       0x3c C:/devkitPro/devkitARM/bin/../lib/gcc/arm-none-eabi/14.2.0/thumb\libgcc.a(_aeabi_uldivmod.o)
                0x08009b24                __aeabi_uldivmod
 .text.__udivmoddi4
                0x08009b60      0x19c C:/devkitPro/devkitARM/bin/../lib/gcc/arm-none-eabi/14.2.0/thumb\libgcc.a(_udivmoddi4.o)
                0x08009b60                __udivmoddi4
 .text          0x08009cfc       0x28 C:/devkitPro/devkitARM/bin/../lib/gcc/arm-none-eabi/14.2.0/thumb\libgcc.a(_clzdi2.o)
                0x08009cfc                __clzdi2
 .text          0x08009d24       0x48 C:/devkitPro/devkitARM/bin/../lib/gcc/arm-none-eabi/14.2.0/thumb\libgcc.a(_clzsi2.o)
                0x08009d24                __clzsi2
 .text.free     0x08009d6c       0x14 C:/devkitPro/devkitARM/bin/../lib/gcc/arm-none-eabi/14.2.0/../../../../arm-none-eabi/lib/thumb\libg.a(libc_a-malloc.o)
                0x08009d6c                free
 .text.free.__stub
                0x08009d80       0xb4 linker stubs
 *(.gnu.linkonce.t.*)
 *(.text.*personality*)
 *(.gnu.warning)
 *(.glue_7t)
 .glue_7t       0x08009e40        0x0 linker stubs
 *(.glue_7)
 .glue_7        0x08009e40        0x0 linker stubs
 *(.vfp11_veneer)
 .vfp11_veneer  0x08009e40        0x0 linker stubs
                0x08009e40                        . = ALIGN (0x4)
                0x08009e40                        __text_end = .

.v4_bx          0x08009e40        0x0
 .v4_bx         0x08009e40        0x0 linker stubs

.iplt           0x08009e40        0x0
 .iplt          0x08009e40        0x0 C:/devkitPro/devkitARM/bin/../lib/gcc/arm-none-eabi/14.2.0/../../../../arm-none-eabi/lib/thumb/gba_crt0.o

.fini           0x08009e40        0xc
 *(.fini)
 .fini          0x08009e40        0x4 C:/devkitPro/devkitARM/bin/../lib/gcc/arm-none-eabi/14.2.0/thumb/crti.o
                0x08009e40                _fini
 .fini          0x08009e44        0x8 C:/devkitPro/devkitARM/bin/../lib/gcc/arm-none-eabi/14.2.0/thumb/crtn.o
                0x08009e4c                        . = ALIGN (0x4)

.rodata         0x08009e50      0x648
 *(.rodata)
 *all.rodata*(*)
 *(.roda)
 *(.rodata.*)
 .rodata.str1.4
                0x08009e50      0x170 debug.o
                                 0x37 (size before relaxing)
 .rodata._svfprintf_r.str1.1
                0x08009fc0       0x3b C:/devkitPro/devkitARM/bin/../lib/gcc/arm-none-eabi/14.2.0/../../../../arm-none-eabi/lib/thumb\libg.a(libc_a-svfprintf.o)
 *fill*         0x08009ffb        0x1 ff
 .rodata.zeroes.0
                0x08009ffc       0x10 C:/devkitPro/devkitARM/bin/../lib/gcc/arm-none-eabi/14.2.0/../../../../arm-none-eabi/lib/thumb\libg.a(libc_a-svfprintf.o)
 .rodata.blanks.1
                0x0800a00c       0x10 C:/devkitPro/devkitARM/bin/../lib/gcc/arm-none-eabi/14.2.0/../../../../arm-none-eabi/lib/thumb\libg.a(libc_a-svfprintf.o)
 .rodata.__action_table
                0x0800a01c       0x6c C:/devkitPro/devkitARM/bin/../lib/gcc/arm-none-eabi/14.2.0/../../../../arm-none-eabi/lib/thumb\libg.a(libc_a-svfiprintf.o)
                0x0800a01c                __action_table
 .rodata.__state_table
                0x0800a088       0x6c C:/devkitPro/devkitARM/bin/../lib/gcc/arm-none-eabi/14.2.0/../../../../arm-none-eabi/lib/thumb\libg.a(libc_a-svfiprintf.o)
                0x0800a088                __state_table
 .rodata.__chclass
                0x0800a0f4      0x100 C:/devkitPro/devkitARM/bin/../lib/gcc/arm-none-eabi/14.2.0/../../../../arm-none-eabi/lib/thumb\libg.a(libc_a-svfiprintf.o)
                0x0800a0f4                __chclass
 .rodata.str1.4
                0x0800a1f4       0x4c C:/devkitPro/devkitARM/bin/../lib/gcc/arm-none-eabi/14.2.0/../../../../arm-none-eabi/lib/thumb\libg.a(libc_a-locale.o)
 .rodata._dtoa_r.str1.4
                0x0800a1f4       0x67 C:/devkitPro/devkitARM/bin/../lib/gcc/arm-none-eabi/14.2.0/../../../../arm-none-eabi/lib/thumb\libg.a(libc_a-dtoa.o)
 .rodata._ctype_
                0x0800a1f4      0x101 C:/devkitPro/devkitARM/bin/../lib/gcc/arm-none-eabi/14.2.0/../../../../arm-none-eabi/lib/thumb\libg.a(libc_a-ctype_.o)
                0x0800a1f4                _ctype_
 .rodata.__assert_func.str1.4
                0x0800a2f5       0x43 C:/devkitPro/devkitARM/bin/../lib/gcc/arm-none-eabi/14.2.0/../../../../arm-none-eabi/lib/thumb\libg.a(libc_a-assert.o)
 .rodata.__multadd.str1.4
                0x0800a2f5       0x54 C:/devkitPro/devkitARM/bin/../lib/gcc/arm-none-eabi/14.2.0/../../../../arm-none-eabi/lib/thumb\libg.a(libc_a-mprec.o)
 *fill*         0x0800a2f5        0x3 ff
 .rodata.p05.0  0x0800a2f8        0xc C:/devkitPro/devkitARM/bin/../lib/gcc/arm-none-eabi/14.2.0/../../../../arm-none-eabi/lib/thumb\libg.a(libc_a-mprec.o)
 *fill*         0x0800a304        0x4 ff
 .rodata.__mprec_bigtens
                0x0800a308       0x28 C:/devkitPro/devkitARM/bin/../lib/gcc/arm-none-eabi/14.2.0/../../../../arm-none-eabi/lib/thumb\libg.a(libc_a-mprec.o)
                0x0800a308                __mprec_bigtens
 .rodata.__mprec_tens
                0x0800a330       0xc8 C:/devkitPro/devkitARM/bin/../lib/gcc/arm-none-eabi/14.2.0/../../../../arm-none-eabi/lib/thumb\libg.a(libc_a-mprec.o)
                0x0800a330                __mprec_tens
 .rodata._vfiprintf_r.str1.1
                0x0800a3f8       0x29 C:/devkitPro/devkitARM/bin/../lib/gcc/arm-none-eabi/14.2.0/../../../../arm-none-eabi/lib/thumb\libg.a(libc_a-vfiprintf.o)
 .rodata.zeroes.0
                0x0800a3f8       0x10 C:/devkitPro/devkitARM/bin/../lib/gcc/arm-none-eabi/14.2.0/../../../../arm-none-eabi/lib/thumb\libg.a(libc_a-vfiprintf.o)
 .rodata.blanks.1
                0x0800a408       0x10 C:/devkitPro/devkitARM/bin/../lib/gcc/arm-none-eabi/14.2.0/../../../../arm-none-eabi/lib/thumb\libg.a(libc_a-vfiprintf.o)
 .rodata.AddDevice.str1.4
                0x0800a418        0x8 C:/devkitPro/devkitARM/bin/../lib/gcc/arm-none-eabi/14.2.0/../../../../arm-none-eabi/lib/thumb\libsysbase.a(libsysbase_libsysbase_a-iosupport.o)
 .rodata.dotab_stdnull
                0x0800a418       0x80 C:/devkitPro/devkitARM/bin/../lib/gcc/arm-none-eabi/14.2.0/../../../../arm-none-eabi/lib/thumb\libsysbase.a(libsysbase_libsysbase_a-iosupport.o)
                0x0800a418                dotab_stdnull
 *(.gnu.linkonce.r*)
                0x0800a498                        . = ALIGN (0x4)

.ARM.extab
 *(.ARM.extab* .gnu.linkonce.armextab.*)
                0x0800a498                        __exidx_start = .

.ARM.exidx
 *(.ARM.exidx* .gnu.linkonce.armexidx.*)
                0x0800a498                        __exidx_end = .

.ctors          0x0800a498        0x0
 *crtbegin.o(.ctors)
 *(EXCLUDE_FILE(*crtend.o) .ctors)
 *(SORT_BY_NAME(.ctors.*))
 *(.ctors)
                0x0800a498                        . = ALIGN (0x4)

.dtors          0x0800a498        0x0
 *crtbegin.o(.dtors)
 *(EXCLUDE_FILE(*crtend.o) .dtors)
 *(SORT_BY_NAME(.dtors.*))
 *(.dtors)
                0x0800a498                        . = ALIGN (0x4)

.eh_frame       0x0800a498        0x4
 *(.eh_frame)
 .eh_frame      0x0800a498        0x0 C:/devkitPro/devkitARM/bin/../lib/gcc/arm-none-eabi/14.2.0/thumb/crtbegin.o
 .eh_frame      0x0800a498        0x4 C:/devkitPro/devkitARM/bin/../lib/gcc/arm-none-eabi/14.2.0/thumb/crtend.o
                0x0800a49c                        . = ALIGN (0x4)

.gcc_except_table
                0x0800a49c        0x0
 *(.gcc_except_table)
                0x0800a49c                        . = ALIGN (0x4)
                0x0800a49c                        __iwram_lma = .

.iwram          0x03000000       0x4c load address 0x0800a49c
                0x03000000                        __iwram_start__ = ABSOLUTE (.)
 *(.iwram .iwram*)
 .iwram         0x03000000       0x4c C:/devkitPro/libtonc/lib\libtonc.a(tonc_memset.o)
                0x03000000                memset32
 *iwram.*(.text* .data*)
                0x0300004c                        . = ALIGN (0x4)
                0x0300004c                        __iwram_end__ = ABSOLUTE (.)
                0x0800a4e8                        __data_lma = (__iwram_lma + SIZEOF (.iwram))

.bss            0x0300004c      0x238
                0x0300004c                        __bss_start = ABSOLUTE (.)
                0x0300004c                        __bss_start__ = ABSOLUTE (.)
 *(.dynbss)
 *(.gnu.linkonce.b*)
 *(.bss*)
 .bss.completed.1
                0x0300004c        0x1 C:/devkitPro/devkitARM/bin/../lib/gcc/arm-none-eabi/14.2.0/thumb/crtbegin.o
 *fill*         0x0300004d        0x3 
 .bss.object.0  0x03000050       0x18 C:/devkitPro/devkitARM/bin/../lib/gcc/arm-none-eabi/14.2.0/thumb/crtbegin.o
 .bss           0x03000068       0x40 debug.o
                0x03000068                debug_fps
 .bss           0x030000a8        0x4 input.o
                0x030000a8                prev_key_input
                0x030000aa                curr_key_input
 .bss           0x030000ac        0xc timer.o
 .bss.__malloc_current_mallinfo
                0x030000b8       0x28 C:/devkitPro/devkitARM/bin/../lib/gcc/arm-none-eabi/14.2.0/../../../../arm-none-eabi/lib/thumb\libg.a(libc_a-mallocr.o)
                0x030000b8                __malloc_current_mallinfo
 .bss.__malloc_max_total_mem
                0x030000e0        0x4 C:/devkitPro/devkitARM/bin/../lib/gcc/arm-none-eabi/14.2.0/../../../../arm-none-eabi/lib/thumb\libg.a(libc_a-mallocr.o)
                0x030000e0                __malloc_max_total_mem
 .bss.__malloc_max_sbrked_mem
                0x030000e4        0x4 C:/devkitPro/devkitARM/bin/../lib/gcc/arm-none-eabi/14.2.0/../../../../arm-none-eabi/lib/thumb\libg.a(libc_a-mallocr.o)
                0x030000e4                __malloc_max_sbrked_mem
 .bss.__malloc_top_pad
                0x030000e8        0x4 C:/devkitPro/devkitARM/bin/../lib/gcc/arm-none-eabi/14.2.0/../../../../arm-none-eabi/lib/thumb\libg.a(libc_a-mallocr.o)
                0x030000e8                __malloc_top_pad
 .bss.__malloc_recursive_mutex
                0x030000ec        0xc C:/devkitPro/devkitARM/bin/../lib/gcc/arm-none-eabi/14.2.0/../../../../arm-none-eabi/lib/thumb\libg.a(libc_a-mlock.o)
 .bss.__sfp_recursive_mutex
                0x030000f8        0xc C:/devkitPro/devkitARM/bin/../lib/gcc/arm-none-eabi/14.2.0/../../../../arm-none-eabi/lib/thumb\libg.a(libc_a-findfp.o)
 *fill*         0x03000104        0x4 
 .bss.__sf      0x03000108      0x168 C:/devkitPro/devkitARM/bin/../lib/gcc/arm-none-eabi/14.2.0/../../../../arm-none-eabi/lib/thumb\libg.a(libc_a-findfp.o)
                0x03000108                __sf
 .bss.__stdio_exit_handler
                0x03000270        0x4 C:/devkitPro/devkitARM/bin/../lib/gcc/arm-none-eabi/14.2.0/../../../../arm-none-eabi/lib/thumb\libg.a(libc_a-findfp.o)
                0x03000270                __stdio_exit_handler
 .bss.__hndl_lock
                0x03000274        0x4 C:/devkitPro/devkitARM/bin/../lib/gcc/arm-none-eabi/14.2.0/../../../../arm-none-eabi/lib/thumb\libsysbase.a(libsysbase_libsysbase_a-handle_manager.o)
 .bss.fake_heap_start
                0x03000278        0x4 C:/devkitPro/devkitARM/bin/../lib/gcc/arm-none-eabi/14.2.0/../../../../arm-none-eabi/lib/thumb\libsysbase.a(libsysbase_libsysbase_a-malloc_vars.o)
                0x03000278                fake_heap_start
 .bss.fake_heap_end
                0x0300027c        0x4 C:/devkitPro/devkitARM/bin/../lib/gcc/arm-none-eabi/14.2.0/../../../../arm-none-eabi/lib/thumb\libsysbase.a(libsysbase_libsysbase_a-malloc_vars.o)
                0x0300027c                fake_heap_end
 .bss.heap_start.0
                0x03000280        0x4 C:/devkitPro/devkitARM/bin/../lib/gcc/arm-none-eabi/14.2.0/../../../../arm-none-eabi/lib/thumb\libsysbase.a(libsysbase_libsysbase_a-sbrk.o)
 *(COMMON)
                0x03000284                        . = ALIGN (0x4)
                0x03000284                        __bss_end__ = ABSOLUTE (.)

.data           0x03000284     0x1a6c load address 0x0800a4e8
                0x03000284                        __data_start__ = ABSOLUTE (.)
 *(.data*)
 .data          0x03000284      0x304 draw.o
                0x03000284                num_colors
                0x03000288                colors
 .data          0x03000588        0x4 timer.o
 .data          0x0300058c        0x4 video.o
                0x0300058c                vid_page
 .data.__global_locale
                0x03000590      0x16c C:/devkitPro/devkitARM/bin/../lib/gcc/arm-none-eabi/14.2.0/../../../../arm-none-eabi/lib/thumb\libg.a(libc_a-locale.o)
                0x03000590                __global_locale
 .data.__malloc_sbrk_base
                0x030006fc        0x4 C:/devkitPro/devkitARM/bin/../lib/gcc/arm-none-eabi/14.2.0/../../../../arm-none-eabi/lib/thumb\libg.a(libc_a-mallocr.o)
                0x030006fc                __malloc_sbrk_base
 .data.__malloc_trim_threshold
                0x03000700        0x4 C:/devkitPro/devkitARM/bin/../lib/gcc/arm-none-eabi/14.2.0/../../../../arm-none-eabi/lib/thumb\libg.a(libc_a-mallocr.o)
                0x03000700                __malloc_trim_threshold
 *fill*         0x03000704        0x4 ff
 .data.__malloc_av_
                0x03000708      0x408 C:/devkitPro/devkitARM/bin/../lib/gcc/arm-none-eabi/14.2.0/../../../../arm-none-eabi/lib/thumb\libg.a(libc_a-mallocr.o)
                0x03000708                __malloc_av_
 .data.__sglue  0x03000b10        0xc C:/devkitPro/devkitARM/bin/../lib/gcc/arm-none-eabi/14.2.0/../../../../arm-none-eabi/lib/thumb\libg.a(libc_a-findfp.o)
                0x03000b10                __sglue
 .data._impure_ptr
                0x03000b1c        0x4 C:/devkitPro/devkitARM/bin/../lib/gcc/arm-none-eabi/14.2.0/../../../../arm-none-eabi/lib/thumb\libg.a(libc_a-impure.o)
                0x03000b1c                _impure_ptr
 .data._impure_data
                0x03000b20      0x120 C:/devkitPro/devkitARM/bin/../lib/gcc/arm-none-eabi/14.2.0/../../../../arm-none-eabi/lib/thumb\libg.a(libc_a-impure.o)
                0x03000b20                _impure_data
 .data.handles  0x03000c40     0x1000 C:/devkitPro/devkitARM/bin/../lib/gcc/arm-none-eabi/14.2.0/../../../../arm-none-eabi/lib/thumb\libsysbase.a(libsysbase_libsysbase_a-handle_manager.o)
 .data.__stderr_handle
                0x03001c40        0xc C:/devkitPro/devkitARM/bin/../lib/gcc/arm-none-eabi/14.2.0/../../../../arm-none-eabi/lib/thumb\libsysbase.a(libsysbase_libsysbase_a-handle_manager.o)
 .data.__stdout_handle
                0x03001c4c        0xc C:/devkitPro/devkitARM/bin/../lib/gcc/arm-none-eabi/14.2.0/../../../../arm-none-eabi/lib/thumb\libsysbase.a(libsysbase_libsysbase_a-handle_manager.o)
 .data.__stdin_handle
                0x03001c58        0xc C:/devkitPro/devkitARM/bin/../lib/gcc/arm-none-eabi/14.2.0/../../../../arm-none-eabi/lib/thumb\libsysbase.a(libsysbase_libsysbase_a-handle_manager.o)
 .data.devoptab_list
                0x03001c64       0x8c C:/devkitPro/devkitARM/bin/../lib/gcc/arm-none-eabi/14.2.0/../../../../arm-none-eabi/lib/thumb\libsysbase.a(libsysbase_libsysbase_a-iosupport.o)
                0x03001c64                devoptab_list
 *(.gnu.linkonce.d*)
                0x03001cf0                        . = ALIGN (0x4)
                0x0800bf54                        __preinit_lma = (__data_lma + SIZEOF (.data))

.igot.plt       0x03001cf0        0x0 load address 0x0800bf54
 .igot.plt      0x03001cf0        0x0 C:/devkitPro/devkitARM/bin/../lib/gcc/arm-none-eabi/14.2.0/../../../../arm-none-eabi/lib/thumb/gba_crt0.o

.preinit_array  0x03001cf0        0x0 load address 0x0800bf54
                0x03001cf0                        __preinit_array_start = ABSOLUTE (.)
 *(.preinit_array)
                0x03001cf0                        __preinit_array_end = ABSOLUTE (.)
                0x0800bf54                        __init_lma = (__preinit_lma + SIZEOF (.preinit_array))

.init_array     0x03001cf0        0x4 load address 0x0800bf54
                0x03001cf0                        __init_array_start = ABSOLUTE (.)
 *(SORT_BY_NAME(.init_array.*))
 *(.init_array)
 .init_array    0x03001cf0        0x4 C:/devkitPro/devkitARM/bin/../lib/gcc/arm-none-eabi/14.2.0/thumb/crtbegin.o
                0x03001cf4                        __init_array_end = ABSOLUTE (.)
                0x0800bf58                        __fini_lma = (__init_lma + SIZEOF (.init_array))

.fini_array     0x03001cf4        0x4 load address 0x0800bf58
                0x03001cf4                        __fini_array_start = ABSOLUTE (.)
 *(SORT_BY_NAME(.fini_array.*))
 *(.fini_array)
 .fini_array    0x03001cf4        0x4 C:/devkitPro/devkitARM/bin/../lib/gcc/arm-none-eabi/14.2.0/thumb/crtbegin.o
                0x03001cf8                        __fini_array_end = ABSOLUTE (.)
                0x0800bf5c                        __jcr_lma = (__fini_lma + SIZEOF (.fini_array))

.jcr
 *(.jcr)
                0x03001cf8                        __data_end__ = ABSOLUTE (.)
                0x0800bf5c                        __iwram_overlay_lma = (__jcr_lma + SIZEOF (.jcr))
                0x03001cf8                        __iwram_overlay_start = .

.iwram0         0x03001cf8        0x0 load address 0x0800bf5c
 *(.iwram0)
                0x03001cf8                        . = ALIGN (0x4)
                0x0800bf5c                        PROVIDE (__load_start_iwram0 = LOADADDR (.iwram0))
                0x0800bf5c                        PROVIDE (__load_stop_iwram0 = (LOADADDR (.iwram0) + SIZEOF (.iwram0)))

.iwram1         0x03001cf8        0x0
 *(.iwram1)
                0x03001cf8                        . = ALIGN (0x4)
                [!provide]                        PROVIDE (__load_start_iwram1 = LOADADDR (.iwram1))
                [!provide]                        PROVIDE (__load_stop_iwram1 = (LOADADDR (.iwram1) + SIZEOF (.iwram1)))

.iwram2         0x03001cf8        0x0
 *(.iwram2)
                0x03001cf8                        . = ALIGN (0x4)
                [!provide]                        PROVIDE (__load_start_iwram2 = LOADADDR (.iwram2))
                [!provide]                        PROVIDE (__load_stop_iwram2 = (LOADADDR (.iwram2) + SIZEOF (.iwram2)))

.iwram3         0x03001cf8        0x0
 *(.iwram3)
                0x03001cf8                        . = ALIGN (0x4)
                [!provide]                        PROVIDE (__load_start_iwram3 = LOADADDR (.iwram3))
                [!provide]                        PROVIDE (__load_stop_iwram3 = (LOADADDR (.iwram3) + SIZEOF (.iwram3)))

.iwram4         0x03001cf8        0x0
 *(.iwram4)
                0x03001cf8                        . = ALIGN (0x4)
                [!provide]                        PROVIDE (__load_start_iwram4 = LOADADDR (.iwram4))
                [!provide]                        PROVIDE (__load_stop_iwram4 = (LOADADDR (.iwram4) + SIZEOF (.iwram4)))

.iwram5         0x03001cf8        0x0
 *(.iwram5)
                0x03001cf8                        . = ALIGN (0x4)
                [!provide]                        PROVIDE (__load_start_iwram5 = LOADADDR (.iwram5))
                [!provide]                        PROVIDE (__load_stop_iwram5 = (LOADADDR (.iwram5) + SIZEOF (.iwram5)))

.iwram6         0x03001cf8        0x0
 *(.iwram6)
                0x03001cf8                        . = ALIGN (0x4)
                [!provide]                        PROVIDE (__load_start_iwram6 = LOADADDR (.iwram6))
                [!provide]                        PROVIDE (__load_stop_iwram6 = (LOADADDR (.iwram6) + SIZEOF (.iwram6)))

.iwram7         0x03001cf8        0x0
 *(.iwram7)
                0x03001cf8                        . = ALIGN (0x4)
                [!provide]                        PROVIDE (__load_start_iwram7 = LOADADDR (.iwram7))
                [!provide]                        PROVIDE (__load_stop_iwram7 = (LOADADDR (.iwram7) + SIZEOF (.iwram7)))

.iwram8         0x03001cf8        0x0
 *(.iwram8)
                0x03001cf8                        . = ALIGN (0x4)
                [!provide]                        PROVIDE (__load_start_iwram8 = LOADADDR (.iwram8))
                [!provide]                        PROVIDE (__load_stop_iwram8 = (LOADADDR (.iwram8) + SIZEOF (.iwram8)))

.iwram9         0x03001cf8        0x0
 *(.iwram9)
                0x03001cf8                        . = ALIGN (0x4)
                [!provide]                        PROVIDE (__load_start_iwram9 = LOADADDR (.iwram9))
                [!provide]                        PROVIDE (__load_stop_iwram9 = (LOADADDR (.iwram9) + SIZEOF (.iwram9)))
                0x03001cf8                        __iwram_overlay_end = .
                0x0800bf5c                        __ewram_lma = (__iwram_overlay_lma + (__iwram_overlay_end - __iwram_overlay_start))
                0x03001cf8                        __iheap_start = .
                0x02000000                        __ewram_start = ORIGIN (ewram)

.ewram          0x02000000        0x0 load address 0x0800bf5c
 *(.ewram*)
                0x02000000                        . = ALIGN (0x4)
                0x02000000                        __ewram_end = ABSOLUTE (.)
                0x0800bf5c                        __pad_lma = (__ewram_lma + SIZEOF (.ewram))

.sbss           0x02000000        0x0
                0x02000000                        __sbss_start__ = ABSOLUTE (.)
 *(.sbss*)
                0x02000000                        . = ALIGN (0x4)
                0x02000000                        __sbss_end__ = ABSOLUTE (.)
                0x02000000                        __end__ = ABSOLUTE (.)
                0x02000000                        __eheap_start = ABSOLUTE (.)

.pad            0x02000000        0x8 load address 0x0800bf5c
                0x02000000        0x4 LONG 0x52416b64
                0x02000004        0x4 LONG 0x4d
                0x02000008                        . = ALIGN (0x4)
                0x0800bf64                        __rom_end__ = (__pad_lma + SIZEOF (.pad))

.rel.dyn        0x02000008        0x0 load address 0x0800bf64
 .rel.iplt      0x02000008        0x0 C:/devkitPro/devkitARM/bin/../lib/gcc/arm-none-eabi/14.2.0/../../../../arm-none-eabi/lib/thumb/gba_crt0.o

.stab
 *(.stab)

.stabstr
 *(.stabstr)

.stab.excl
 *(.stab.excl)

.stab.exclstr
 *(.stab.exclstr)

.stab.index
 *(.stab.index)

.stab.indexstr
 *(.stab.indexstr)

.comment        0x00000000       0x23
 *(.comment)
 .comment       0x00000000       0x23 C:/devkitPro/devkitARM/bin/../lib/gcc/arm-none-eabi/14.2.0/thumb/crtbegin.o
                                 0x24 (size before relaxing)
 .comment       0x00000023       0x24 debug.o
 .comment       0x00000023       0x24 draw.o
 .comment       0x00000023       0x24 input.o
 .comment       0x00000023       0x24 main.o
 .comment       0x00000023       0x24 maths.o
 .comment       0x00000023       0x24 timer.o
 .comment       0x00000023       0x24 video.o
 .comment       0x00000023       0x24 C:/devkitPro/devkitARM/bin/../lib/gcc/arm-none-eabi/14.2.0/../../../../arm-none-eabi/lib/thumb\libg.a(libc_a-sprintf.o)
 .comment       0x00000023       0x24 C:/devkitPro/devkitARM/bin/../lib/gcc/arm-none-eabi/14.2.0/../../../../arm-none-eabi/lib/thumb\libg.a(libc_a-svfprintf.o)
 .comment       0x00000023       0x24 C:/devkitPro/devkitARM/bin/../lib/gcc/arm-none-eabi/14.2.0/../../../../arm-none-eabi/lib/thumb\libg.a(libc_a-memset.o)
 .comment       0x00000023       0x24 C:/devkitPro/devkitARM/bin/../lib/gcc/arm-none-eabi/14.2.0/../../../../arm-none-eabi/lib/thumb\libg.a(libc_a-strncpy.o)
 .comment       0x00000023       0x24 C:/devkitPro/devkitARM/bin/../lib/gcc/arm-none-eabi/14.2.0/../../../../arm-none-eabi/lib/thumb\libg.a(libc_a-wcsrtombs.o)
 .comment       0x00000023       0x24 C:/devkitPro/devkitARM/bin/../lib/gcc/arm-none-eabi/14.2.0/../../../../arm-none-eabi/lib/thumb\libg.a(libc_a-svfiprintf.o)
 .comment       0x00000023       0x24 C:/devkitPro/devkitARM/bin/../lib/gcc/arm-none-eabi/14.2.0/../../../../arm-none-eabi/lib/thumb\libg.a(libc_a-init.o)
 .comment       0x00000023       0x24 C:/devkitPro/devkitARM/bin/../lib/gcc/arm-none-eabi/14.2.0/../../../../arm-none-eabi/lib/thumb\libg.a(libm_a-s_frexp.o)
 .comment       0x00000023       0x24 C:/devkitPro/devkitARM/bin/../lib/gcc/arm-none-eabi/14.2.0/../../../../arm-none-eabi/lib/thumb\libg.a(libc_a-strlen-stub.o)
 .comment       0x00000023       0x24 C:/devkitPro/devkitARM/bin/../lib/gcc/arm-none-eabi/14.2.0/../../../../arm-none-eabi/lib/thumb\libg.a(libc_a-locale.o)
 .comment       0x00000023       0x24 C:/devkitPro/devkitARM/bin/../lib/gcc/arm-none-eabi/14.2.0/../../../../arm-none-eabi/lib/thumb\libg.a(libc_a-ssprint_r.o)
 .comment       0x00000023       0x24 C:/devkitPro/devkitARM/bin/../lib/gcc/arm-none-eabi/14.2.0/../../../../arm-none-eabi/lib/thumb\libg.a(libc_a-memchr-stub.o)
 .comment       0x00000023       0x24 C:/devkitPro/devkitARM/bin/../lib/gcc/arm-none-eabi/14.2.0/../../../../arm-none-eabi/lib/thumb\libg.a(libc_a-wcsnrtombs.o)
 .comment       0x00000023       0x24 C:/devkitPro/devkitARM/bin/../lib/gcc/arm-none-eabi/14.2.0/../../../../arm-none-eabi/lib/thumb\libg.a(libc_a-mbtowc_r.o)
 .comment       0x00000023       0x24 C:/devkitPro/devkitARM/bin/../lib/gcc/arm-none-eabi/14.2.0/../../../../arm-none-eabi/lib/thumb\libg.a(libc_a-localeconv.o)
 .comment       0x00000023       0x24 C:/devkitPro/devkitARM/bin/../lib/gcc/arm-none-eabi/14.2.0/../../../../arm-none-eabi/lib/thumb\libg.a(libc_a-mallocr.o)
 .comment       0x00000023       0x24 C:/devkitPro/devkitARM/bin/../lib/gcc/arm-none-eabi/14.2.0/../../../../arm-none-eabi/lib/thumb\libg.a(libc_a-dtoa.o)
 .comment       0x00000023       0x24 C:/devkitPro/devkitARM/bin/../lib/gcc/arm-none-eabi/14.2.0/../../../../arm-none-eabi/lib/thumb\libg.a(libc_a-wcrtomb.o)
 .comment       0x00000023       0x24 C:/devkitPro/devkitARM/bin/../lib/gcc/arm-none-eabi/14.2.0/../../../../arm-none-eabi/lib/thumb\libg.a(libc_a-freer.o)
 .comment       0x00000023       0x24 C:/devkitPro/devkitARM/bin/../lib/gcc/arm-none-eabi/14.2.0/../../../../arm-none-eabi/lib/thumb\libg.a(libc_a-errno.o)
 .comment       0x00000023       0x24 C:/devkitPro/devkitARM/bin/../lib/gcc/arm-none-eabi/14.2.0/../../../../arm-none-eabi/lib/thumb\libg.a(libc_a-memcpy-stub.o)
 .comment       0x00000023       0x24 C:/devkitPro/devkitARM/bin/../lib/gcc/arm-none-eabi/14.2.0/../../../../arm-none-eabi/lib/thumb\libg.a(libc_a-ctype_.o)
 .comment       0x00000023       0x24 C:/devkitPro/devkitARM/bin/../lib/gcc/arm-none-eabi/14.2.0/../../../../arm-none-eabi/lib/thumb\libg.a(libc_a-ssputs_r.o)
 .comment       0x00000023       0x24 C:/devkitPro/devkitARM/bin/../lib/gcc/arm-none-eabi/14.2.0/../../../../arm-none-eabi/lib/thumb\libg.a(libc_a-mlock.o)
 .comment       0x00000023       0x24 C:/devkitPro/devkitARM/bin/../lib/gcc/arm-none-eabi/14.2.0/../../../../arm-none-eabi/lib/thumb\libg.a(libc_a-wctomb_r.o)
 .comment       0x00000023       0x24 C:/devkitPro/devkitARM/bin/../lib/gcc/arm-none-eabi/14.2.0/../../../../arm-none-eabi/lib/thumb\libg.a(libc_a-memmove.o)
 .comment       0x00000023       0x24 C:/devkitPro/devkitARM/bin/../lib/gcc/arm-none-eabi/14.2.0/../../../../arm-none-eabi/lib/thumb\libg.a(libc_a-assert.o)
 .comment       0x00000023       0x24 C:/devkitPro/devkitARM/bin/../lib/gcc/arm-none-eabi/14.2.0/../../../../arm-none-eabi/lib/thumb\libg.a(libc_a-mprec.o)
 .comment       0x00000023       0x24 C:/devkitPro/devkitARM/bin/../lib/gcc/arm-none-eabi/14.2.0/../../../../arm-none-eabi/lib/thumb\libg.a(libc_a-fiprintf.o)
 .comment       0x00000023       0x24 C:/devkitPro/devkitARM/bin/../lib/gcc/arm-none-eabi/14.2.0/../../../../arm-none-eabi/lib/thumb\libg.a(libc_a-abort.o)
 .comment       0x00000023       0x24 C:/devkitPro/devkitARM/bin/../lib/gcc/arm-none-eabi/14.2.0/../../../../arm-none-eabi/lib/thumb\libg.a(libc_a-callocr.o)
 .comment       0x00000023       0x24 C:/devkitPro/devkitARM/bin/../lib/gcc/arm-none-eabi/14.2.0/../../../../arm-none-eabi/lib/thumb\libg.a(libc_a-reallocr.o)
 .comment       0x00000023       0x24 C:/devkitPro/devkitARM/bin/../lib/gcc/arm-none-eabi/14.2.0/../../../../arm-none-eabi/lib/thumb\libg.a(libc_a-signal.o)
 .comment       0x00000023       0x24 C:/devkitPro/devkitARM/bin/../lib/gcc/arm-none-eabi/14.2.0/../../../../arm-none-eabi/lib/thumb\libg.a(libc_a-vfiprintf.o)
 .comment       0x00000023       0x24 C:/devkitPro/devkitARM/bin/../lib/gcc/arm-none-eabi/14.2.0/../../../../arm-none-eabi/lib/thumb\libg.a(libc_a-sprint_r.o)
 .comment       0x00000023       0x24 C:/devkitPro/devkitARM/bin/../lib/gcc/arm-none-eabi/14.2.0/../../../../arm-none-eabi/lib/thumb\libg.a(libc_a-findfp.o)
 .comment       0x00000023       0x24 C:/devkitPro/devkitARM/bin/../lib/gcc/arm-none-eabi/14.2.0/../../../../arm-none-eabi/lib/thumb\libg.a(libc_a-fwalk.o)
 .comment       0x00000023       0x24 C:/devkitPro/devkitARM/bin/../lib/gcc/arm-none-eabi/14.2.0/../../../../arm-none-eabi/lib/thumb\libg.a(libc_a-wsetup.o)
 .comment       0x00000023       0x24 C:/devkitPro/devkitARM/bin/../lib/gcc/arm-none-eabi/14.2.0/../../../../arm-none-eabi/lib/thumb\libg.a(libc_a-fflush.o)
 .comment       0x00000023       0x24 C:/devkitPro/devkitARM/bin/../lib/gcc/arm-none-eabi/14.2.0/../../../../arm-none-eabi/lib/thumb\libg.a(libc_a-impure.o)
 .comment       0x00000023       0x24 C:/devkitPro/devkitARM/bin/../lib/gcc/arm-none-eabi/14.2.0/../../../../arm-none-eabi/lib/thumb\libg.a(libc_a-fvwrite.o)
 .comment       0x00000023       0x24 C:/devkitPro/devkitARM/bin/../lib/gcc/arm-none-eabi/14.2.0/../../../../arm-none-eabi/lib/thumb\libg.a(libc_a-stdio.o)
 .comment       0x00000023       0x24 C:/devkitPro/devkitARM/bin/../lib/gcc/arm-none-eabi/14.2.0/../../../../arm-none-eabi/lib/thumb\libg.a(libc_a-fclose.o)
 .comment       0x00000023       0x24 C:/devkitPro/devkitARM/bin/../lib/gcc/arm-none-eabi/14.2.0/../../../../arm-none-eabi/lib/thumb\libg.a(libc_a-makebuf.o)
 .comment       0x00000023       0x24 C:/devkitPro/devkitARM/bin/../lib/gcc/arm-none-eabi/14.2.0/../../../../arm-none-eabi/lib/thumb\libg.a(libc_a-malignr.o)
 .comment       0x00000023       0x24 C:/devkitPro/devkitARM/bin/../lib/gcc/arm-none-eabi/14.2.0/../../../../arm-none-eabi/lib/thumb\libsysbase.a(libsysbase_libsysbase_a-_exit.o)
 .comment       0x00000023       0x24 C:/devkitPro/devkitARM/bin/../lib/gcc/arm-none-eabi/14.2.0/../../../../arm-none-eabi/lib/thumb\libsysbase.a(libsysbase_libsysbase_a-fstat.o)
 .comment       0x00000023       0x24 C:/devkitPro/devkitARM/bin/../lib/gcc/arm-none-eabi/14.2.0/../../../../arm-none-eabi/lib/thumb\libsysbase.a(libsysbase_libsysbase_a-getpid.o)
 .comment       0x00000023       0x24 C:/devkitPro/devkitARM/bin/../lib/gcc/arm-none-eabi/14.2.0/../../../../arm-none-eabi/lib/thumb\libsysbase.a(libsysbase_libsysbase_a-getreent.o)
 .comment       0x00000023       0x24 C:/devkitPro/devkitARM/bin/../lib/gcc/arm-none-eabi/14.2.0/../../../../arm-none-eabi/lib/thumb\libsysbase.a(libsysbase_libsysbase_a-handle_manager.o)
 .comment       0x00000023       0x24 C:/devkitPro/devkitARM/bin/../lib/gcc/arm-none-eabi/14.2.0/../../../../arm-none-eabi/lib/thumb\libsysbase.a(libsysbase_libsysbase_a-iosupport.o)
 .comment       0x00000023       0x24 C:/devkitPro/devkitARM/bin/../lib/gcc/arm-none-eabi/14.2.0/../../../../arm-none-eabi/lib/thumb\libsysbase.a(libsysbase_libsysbase_a-isatty.o)
 .comment       0x00000023       0x24 C:/devkitPro/devkitARM/bin/../lib/gcc/arm-none-eabi/14.2.0/../../../../arm-none-eabi/lib/thumb\libsysbase.a(libsysbase_libsysbase_a-kill.o)
 .comment       0x00000023       0x24 C:/devkitPro/devkitARM/bin/../lib/gcc/arm-none-eabi/14.2.0/../../../../arm-none-eabi/lib/thumb\libsysbase.a(libsysbase_libsysbase_a-lseek.o)
 .comment       0x00000023       0x24 C:/devkitPro/devkitARM/bin/../lib/gcc/arm-none-eabi/14.2.0/../../../../arm-none-eabi/lib/thumb\libsysbase.a(libsysbase_libsysbase_a-malloc_vars.o)
 .comment       0x00000023       0x24 C:/devkitPro/devkitARM/bin/../lib/gcc/arm-none-eabi/14.2.0/../../../../arm-none-eabi/lib/thumb\libsysbase.a(libsysbase_libsysbase_a-read.o)
 .comment       0x00000023       0x24 C:/devkitPro/devkitARM/bin/../lib/gcc/arm-none-eabi/14.2.0/../../../../arm-none-eabi/lib/thumb\libsysbase.a(libsysbase_libsysbase_a-sbrk.o)
 .comment       0x00000023       0x24 C:/devkitPro/devkitARM/bin/../lib/gcc/arm-none-eabi/14.2.0/../../../../arm-none-eabi/lib/thumb\libsysbase.a(libsysbase_libsysbase_a-syscall_support.o)
 .comment       0x00000023       0x24 C:/devkitPro/devkitARM/bin/../lib/gcc/arm-none-eabi/14.2.0/../../../../arm-none-eabi/lib/thumb\libsysbase.a(libsysbase_libsysbase_a-write.o)
 .comment       0x00000023       0x24 C:/devkitPro/devkitARM/bin/../lib/gcc/arm-none-eabi/14.2.0/thumb\libgcc.a(_udivmoddi4.o)
 .comment       0x00000023       0x24 C:/devkitPro/devkitARM/bin/../lib/gcc/arm-none-eabi/14.2.0/../../../../arm-none-eabi/lib/thumb\libg.a(libc_a-malloc.o)
 .comment       0x00000023       0x24 C:/devkitPro/devkitARM/bin/../lib/gcc/arm-none-eabi/14.2.0/thumb/crtend.o

.debug
 *(.debug)

.line
 *(.line)

.debug_srcinfo
 *(.debug_srcinfo)

.debug_sfnames
 *(.debug_sfnames)

.debug_aranges  0x00000000       0xe0
 *(.debug_aranges)
 .debug_aranges
                0x00000000       0x20 debug.o
 .debug_aranges
                0x00000020       0x20 draw.o
 .debug_aranges
                0x00000040       0x20 input.o
 .debug_aranges
                0x00000060       0x20 main.o
 .debug_aranges
                0x00000080       0x20 maths.o
 .debug_aranges
                0x000000a0       0x20 timer.o
 .debug_aranges
                0x000000c0       0x20 video.o

.debug_pubnames
 *(.debug_pubnames)

.debug_info     0x00000000      0xf28
 *(.debug_info)
 .debug_info    0x00000000      0x2cc debug.o
 .debug_info    0x000002cc      0x596 draw.o
 .debug_info    0x00000862      0x174 input.o
 .debug_info    0x000009d6      0x197 main.o
 .debug_info    0x00000b6d       0xb6 maths.o
 .debug_info    0x00000c23      0x1ae timer.o
 .debug_info    0x00000dd1      0x157 video.o

.debug_abbrev   0x00000000      0x7f5
 *(.debug_abbrev)
 .debug_abbrev  0x00000000      0x1c9 debug.o
 .debug_abbrev  0x000001c9      0x23f draw.o
 .debug_abbrev  0x00000408       0xc3 input.o
 .debug_abbrev  0x000004cb       0xd5 main.o
 .debug_abbrev  0x000005a0       0x68 maths.o
 .debug_abbrev  0x00000608       0xf1 timer.o
 .debug_abbrev  0x000006f9       0xfc video.o

.debug_line     0x00000000      0xda7
 *(.debug_line)
 .debug_line    0x00000000      0x285 debug.o
 .debug_line    0x00000285      0x3a5 draw.o
 .debug_line    0x0000062a      0x16c input.o
 .debug_line    0x00000796      0x192 main.o
 .debug_line    0x00000928      0x102 maths.o
 .debug_line    0x00000a2a      0x1f8 timer.o
 .debug_line    0x00000c22      0x185 video.o

.debug_frame    0x00000000      0x29c
 *(.debug_frame)
 .debug_frame   0x00000000       0x64 debug.o
 .debug_frame   0x00000064       0xd4 draw.o
 .debug_frame   0x00000138       0x50 input.o
 .debug_frame   0x00000188       0x28 main.o
 .debug_frame   0x000001b0       0x20 maths.o
 .debug_frame   0x000001d0       0x84 timer.o
 .debug_frame   0x00000254       0x48 video.o

.debug_str      0x00000000      0x7d2
 *(.debug_str)
 .debug_str     0x00000000      0x7d2 debug.o
                                0x35f (size before relaxing)
 .debug_str     0x000007d2      0x2d9 draw.o
 .debug_str     0x000007d2      0x252 input.o
 .debug_str     0x000007d2      0x312 main.o
 .debug_str     0x000007d2      0x1d9 maths.o
 .debug_str     0x000007d2      0x31d timer.o
 .debug_str     0x000007d2      0x238 video.o

.debug_loc
 *(.debug_loc)

.debug_macinfo
 *(.debug_macinfo)

.debug_weaknames
 *(.debug_weaknames)

.debug_funcnames
 *(.debug_funcnames)

.debug_typenames
 *(.debug_typenames)

.debug_varnames
 *(.debug_varnames)

.stack          0x00080000        0x0
                0x00080000                        _stack = .
 *(.stack)

.note.gnu.arm.ident
 *(.note.gnu.arm.ident)

.ARM.attributes
                0x00000000       0x2c
 *(.ARM.attributes)
 .ARM.attributes
                0x00000000       0x20 C:/devkitPro/devkitARM/bin/../lib/gcc/arm-none-eabi/14.2.0/../../../../arm-none-eabi/lib/thumb/gba_crt0.o
 .ARM.attributes
                0x00000020       0x1c C:/devkitPro/devkitARM/bin/../lib/gcc/arm-none-eabi/14.2.0/thumb/crti.o
 .ARM.attributes
                0x0000003c       0x2a C:/devkitPro/devkitARM/bin/../lib/gcc/arm-none-eabi/14.2.0/thumb/crtbegin.o
 .ARM.attributes
                0x00000066       0x2a debug.o
 .ARM.attributes
                0x00000090       0x2a draw.o
 .ARM.attributes
                0x000000ba       0x2a input.o
 .ARM.attributes
                0x000000e4       0x2a main.o
 .ARM.attributes
                0x0000010e       0x2a maths.o
 .ARM.attributes
                0x00000138       0x2a timer.o
 .ARM.attributes
                0x00000162       0x2a video.o
 .ARM.attributes
                0x0000018c       0x1a C:/devkitPro/libtonc/lib\libtonc.a(tonc_memset.o)
 .ARM.attributes
                0x000001a6       0x1c C:/devkitPro/devkitARM/bin/../lib/gcc/arm-none-eabi/14.2.0/thumb\libgcc.a(_udivsi3.o)
 .ARM.attributes
                0x000001c2       0x1c C:/devkitPro/devkitARM/bin/../lib/gcc/arm-none-eabi/14.2.0/thumb\libgcc.a(_dvmd_tls.o)
 .ARM.attributes
                0x000001de       0x1c C:/devkitPro/devkitARM/bin/../lib/gcc/arm-none-eabi/14.2.0/thumb\libgcc.a(_sync_none.o)
 .ARM.attributes
                0x000001fa       0x2a C:/devkitPro/devkitARM/bin/../lib/gcc/arm-none-eabi/14.2.0/../../../../arm-none-eabi/lib/thumb\libg.a(libc_a-sprintf.o)
 .ARM.attributes
                0x00000224       0x2a C:/devkitPro/devkitARM/bin/../lib/gcc/arm-none-eabi/14.2.0/../../../../arm-none-eabi/lib/thumb\libg.a(libc_a-svfprintf.o)
 .ARM.attributes
                0x0000024e       0x2a C:/devkitPro/devkitARM/bin/../lib/gcc/arm-none-eabi/14.2.0/../../../../arm-none-eabi/lib/thumb\libg.a(libc_a-memset.o)
 .ARM.attributes
                0x00000278       0x2a C:/devkitPro/devkitARM/bin/../lib/gcc/arm-none-eabi/14.2.0/../../../../arm-none-eabi/lib/thumb\libg.a(libc_a-strncpy.o)
 .ARM.attributes
                0x000002a2       0x2a C:/devkitPro/devkitARM/bin/../lib/gcc/arm-none-eabi/14.2.0/../../../../arm-none-eabi/lib/thumb\libg.a(libc_a-wcsrtombs.o)
 .ARM.attributes
                0x000002cc       0x2a C:/devkitPro/devkitARM/bin/../lib/gcc/arm-none-eabi/14.2.0/../../../../arm-none-eabi/lib/thumb\libg.a(libc_a-svfiprintf.o)
 .ARM.attributes
                0x000002f6       0x2a C:/devkitPro/devkitARM/bin/../lib/gcc/arm-none-eabi/14.2.0/../../../../arm-none-eabi/lib/thumb\libg.a(libc_a-init.o)
 .ARM.attributes
                0x00000320       0x2a C:/devkitPro/devkitARM/bin/../lib/gcc/arm-none-eabi/14.2.0/../../../../arm-none-eabi/lib/thumb\libg.a(libm_a-s_frexp.o)
 .ARM.attributes
                0x0000034a       0x2a C:/devkitPro/devkitARM/bin/../lib/gcc/arm-none-eabi/14.2.0/../../../../arm-none-eabi/lib/thumb\libg.a(libc_a-strlen-stub.o)
 .ARM.attributes
                0x00000374       0x2a C:/devkitPro/devkitARM/bin/../lib/gcc/arm-none-eabi/14.2.0/../../../../arm-none-eabi/lib/thumb\libg.a(libc_a-locale.o)
 .ARM.attributes
                0x0000039e       0x2a C:/devkitPro/devkitARM/bin/../lib/gcc/arm-none-eabi/14.2.0/../../../../arm-none-eabi/lib/thumb\libg.a(libc_a-ssprint_r.o)
 .ARM.attributes
                0x000003c8       0x2a C:/devkitPro/devkitARM/bin/../lib/gcc/arm-none-eabi/14.2.0/../../../../arm-none-eabi/lib/thumb\libg.a(libc_a-memchr-stub.o)
 .ARM.attributes
                0x000003f2       0x2a C:/devkitPro/devkitARM/bin/../lib/gcc/arm-none-eabi/14.2.0/../../../../arm-none-eabi/lib/thumb\libg.a(libc_a-strcat.o)
 .ARM.attributes
                0x0000041c       0x2a C:/devkitPro/devkitARM/bin/../lib/gcc/arm-none-eabi/14.2.0/../../../../arm-none-eabi/lib/thumb\libg.a(libc_a-wcsnrtombs.o)
 .ARM.attributes
                0x00000446       0x2a C:/devkitPro/devkitARM/bin/../lib/gcc/arm-none-eabi/14.2.0/../../../../arm-none-eabi/lib/thumb\libg.a(libc_a-mbtowc_r.o)
 .ARM.attributes
                0x00000470       0x2a C:/devkitPro/devkitARM/bin/../lib/gcc/arm-none-eabi/14.2.0/../../../../arm-none-eabi/lib/thumb\libg.a(libc_a-localeconv.o)
 .ARM.attributes
                0x0000049a       0x2a C:/devkitPro/devkitARM/bin/../lib/gcc/arm-none-eabi/14.2.0/../../../../arm-none-eabi/lib/thumb\libg.a(libc_a-strlcpy.o)
 .ARM.attributes
                0x000004c4       0x2a C:/devkitPro/devkitARM/bin/../lib/gcc/arm-none-eabi/14.2.0/../../../../arm-none-eabi/lib/thumb\libg.a(libc_a-mallocr.o)
 .ARM.attributes
                0x000004ee       0x2a C:/devkitPro/devkitARM/bin/../lib/gcc/arm-none-eabi/14.2.0/../../../../arm-none-eabi/lib/thumb\libg.a(libc_a-strcasecmp.o)
 .ARM.attributes
                0x00000518       0x2a C:/devkitPro/devkitARM/bin/../lib/gcc/arm-none-eabi/14.2.0/../../../../arm-none-eabi/lib/thumb\libg.a(libc_a-dtoa.o)
 .ARM.attributes
                0x00000542       0x2a C:/devkitPro/devkitARM/bin/../lib/gcc/arm-none-eabi/14.2.0/../../../../arm-none-eabi/lib/thumb\libg.a(libc_a-wcrtomb.o)
 .ARM.attributes
                0x0000056c       0x2a C:/devkitPro/devkitARM/bin/../lib/gcc/arm-none-eabi/14.2.0/../../../../arm-none-eabi/lib/thumb\libg.a(libc_a-freer.o)
 .ARM.attributes
                0x00000596       0x2a C:/devkitPro/devkitARM/bin/../lib/gcc/arm-none-eabi/14.2.0/../../../../arm-none-eabi/lib/thumb\libg.a(libc_a-strtol.o)
 .ARM.attributes
                0x000005c0       0x2a C:/devkitPro/devkitARM/bin/../lib/gcc/arm-none-eabi/14.2.0/../../../../arm-none-eabi/lib/thumb\libg.a(libc_a-errno.o)
 .ARM.attributes
                0x000005ea       0x2a C:/devkitPro/devkitARM/bin/../lib/gcc/arm-none-eabi/14.2.0/../../../../arm-none-eabi/lib/thumb\libg.a(libc_a-memcpy-stub.o)
 .ARM.attributes
                0x00000614       0x2a C:/devkitPro/devkitARM/bin/../lib/gcc/arm-none-eabi/14.2.0/../../../../arm-none-eabi/lib/thumb\libg.a(libc_a-ctype_.o)
 .ARM.attributes
                0x0000063e       0x2a C:/devkitPro/devkitARM/bin/../lib/gcc/arm-none-eabi/14.2.0/../../../../arm-none-eabi/lib/thumb\libg.a(libc_a-getenv_r.o)
 .ARM.attributes
                0x00000668       0x2a C:/devkitPro/devkitARM/bin/../lib/gcc/arm-none-eabi/14.2.0/../../../../arm-none-eabi/lib/thumb\libg.a(libc_a-ssputs_r.o)
 .ARM.attributes
                0x00000692       0x2a C:/devkitPro/devkitARM/bin/../lib/gcc/arm-none-eabi/14.2.0/../../../../arm-none-eabi/lib/thumb\libg.a(libc_a-strncasecmp.o)
 .ARM.attributes
                0x000006bc       0x2a C:/devkitPro/devkitARM/bin/../lib/gcc/arm-none-eabi/14.2.0/../../../../arm-none-eabi/lib/thumb\libg.a(libc_a-mlock.o)
 .ARM.attributes
                0x000006e6       0x2a C:/devkitPro/devkitARM/bin/../lib/gcc/arm-none-eabi/14.2.0/../../../../arm-none-eabi/lib/thumb\libg.a(libc_a-strcpy.o)
 .ARM.attributes
                0x00000710       0x2a C:/devkitPro/devkitARM/bin/../lib/gcc/arm-none-eabi/14.2.0/../../../../arm-none-eabi/lib/thumb\libg.a(libc_a-wctomb_r.o)
 .ARM.attributes
                0x0000073a       0x1a C:/devkitPro/devkitARM/bin/../lib/gcc/arm-none-eabi/14.2.0/../../../../arm-none-eabi/lib/thumb\libg.a(libc_a-strcmp.o)
 .ARM.attributes
                0x00000754       0x2a C:/devkitPro/devkitARM/bin/../lib/gcc/arm-none-eabi/14.2.0/../../../../arm-none-eabi/lib/thumb\libg.a(libc_a-strncmp.o)
 .ARM.attributes
                0x0000077e       0x2a C:/devkitPro/devkitARM/bin/../lib/gcc/arm-none-eabi/14.2.0/../../../../arm-none-eabi/lib/thumb\libg.a(libc_a-strchr.o)
 .ARM.attributes
                0x000007a8       0x2a C:/devkitPro/devkitARM/bin/../lib/gcc/arm-none-eabi/14.2.0/../../../../arm-none-eabi/lib/thumb\libg.a(libc_a-memmove.o)
 .ARM.attributes
                0x000007d2       0x2a C:/devkitPro/devkitARM/bin/../lib/gcc/arm-none-eabi/14.2.0/../../../../arm-none-eabi/lib/thumb\libg.a(libc_a-envlock.o)
 .ARM.attributes
                0x000007fc       0x2a C:/devkitPro/devkitARM/bin/../lib/gcc/arm-none-eabi/14.2.0/../../../../arm-none-eabi/lib/thumb\libg.a(libc_a-assert.o)
 .ARM.attributes
                0x00000826       0x2a C:/devkitPro/devkitARM/bin/../lib/gcc/arm-none-eabi/14.2.0/../../../../arm-none-eabi/lib/thumb\libg.a(libc_a-mprec.o)
 .ARM.attributes
                0x00000850       0x2a C:/devkitPro/devkitARM/bin/../lib/gcc/arm-none-eabi/14.2.0/../../../../arm-none-eabi/lib/thumb\libg.a(libc_a-fiprintf.o)
 .ARM.attributes
                0x0000087a       0x2a C:/devkitPro/devkitARM/bin/../lib/gcc/arm-none-eabi/14.2.0/../../../../arm-none-eabi/lib/thumb\libg.a(libc_a-environ.o)
 .ARM.attributes
                0x000008a4       0x2a C:/devkitPro/devkitARM/bin/../lib/gcc/arm-none-eabi/14.2.0/../../../../arm-none-eabi/lib/thumb\libg.a(libc_a-abort.o)
 .ARM.attributes
                0x000008ce       0x2a C:/devkitPro/devkitARM/bin/../lib/gcc/arm-none-eabi/14.2.0/../../../../arm-none-eabi/lib/thumb\libg.a(libc_a-callocr.o)
 .ARM.attributes
                0x000008f8       0x2a C:/devkitPro/devkitARM/bin/../lib/gcc/arm-none-eabi/14.2.0/../../../../arm-none-eabi/lib/thumb\libg.a(libc_a-reallocr.o)
 .ARM.attributes
                0x00000922       0x2a C:/devkitPro/devkitARM/bin/../lib/gcc/arm-none-eabi/14.2.0/../../../../arm-none-eabi/lib/thumb\libg.a(libc_a-signal.o)
 .ARM.attributes
                0x0000094c       0x2a C:/devkitPro/devkitARM/bin/../lib/gcc/arm-none-eabi/14.2.0/../../../../arm-none-eabi/lib/thumb\libg.a(libc_a-vfiprintf.o)
 .ARM.attributes
                0x00000976       0x2a C:/devkitPro/devkitARM/bin/../lib/gcc/arm-none-eabi/14.2.0/../../../../arm-none-eabi/lib/thumb\libg.a(libc_a-sprint_r.o)
 .ARM.attributes
                0x000009a0       0x2a C:/devkitPro/devkitARM/bin/../lib/gcc/arm-none-eabi/14.2.0/../../../../arm-none-eabi/lib/thumb\libg.a(libc_a-findfp.o)
 .ARM.attributes
                0x000009ca       0x2a C:/devkitPro/devkitARM/bin/../lib/gcc/arm-none-eabi/14.2.0/../../../../arm-none-eabi/lib/thumb\libg.a(libc_a-fwalk.o)
 .ARM.attributes
                0x000009f4       0x2a C:/devkitPro/devkitARM/bin/../lib/gcc/arm-none-eabi/14.2.0/../../../../arm-none-eabi/lib/thumb\libg.a(libc_a-wsetup.o)
 .ARM.attributes
                0x00000a1e       0x2a C:/devkitPro/devkitARM/bin/../lib/gcc/arm-none-eabi/14.2.0/../../../../arm-none-eabi/lib/thumb\libg.a(libc_a-fflush.o)
 .ARM.attributes
                0x00000a48       0x2a C:/devkitPro/devkitARM/bin/../lib/gcc/arm-none-eabi/14.2.0/../../../../arm-none-eabi/lib/thumb\libg.a(libc_a-impure.o)
 .ARM.attributes
                0x00000a72       0x2a C:/devkitPro/devkitARM/bin/../lib/gcc/arm-none-eabi/14.2.0/../../../../arm-none-eabi/lib/thumb\libg.a(libc_a-fvwrite.o)
 .ARM.attributes
                0x00000a9c       0x2a C:/devkitPro/devkitARM/bin/../lib/gcc/arm-none-eabi/14.2.0/../../../../arm-none-eabi/lib/thumb\libg.a(libc_a-stdio.o)
 .ARM.attributes
                0x00000ac6       0x2a C:/devkitPro/devkitARM/bin/../lib/gcc/arm-none-eabi/14.2.0/../../../../arm-none-eabi/lib/thumb\libg.a(libc_a-fclose.o)
 .ARM.attributes
                0x00000af0       0x2a C:/devkitPro/devkitARM/bin/../lib/gcc/arm-none-eabi/14.2.0/../../../../arm-none-eabi/lib/thumb\libg.a(libc_a-makebuf.o)
 .ARM.attributes
                0x00000b1a       0x2a C:/devkitPro/devkitARM/bin/../lib/gcc/arm-none-eabi/14.2.0/../../../../arm-none-eabi/lib/thumb\libg.a(libc_a-malignr.o)
 .ARM.attributes
                0x00000b44       0x2a C:/devkitPro/devkitARM/bin/../lib/gcc/arm-none-eabi/14.2.0/../../../../arm-none-eabi/lib/thumb\libsysbase.a(libsysbase_libsysbase_a-_exit.o)
 .ARM.attributes
                0x00000b6e       0x2a C:/devkitPro/devkitARM/bin/../lib/gcc/arm-none-eabi/14.2.0/../../../../arm-none-eabi/lib/thumb\libsysbase.a(libsysbase_libsysbase_a-fstat.o)
 .ARM.attributes
                0x00000b98       0x2a C:/devkitPro/devkitARM/bin/../lib/gcc/arm-none-eabi/14.2.0/../../../../arm-none-eabi/lib/thumb\libsysbase.a(libsysbase_libsysbase_a-getpid.o)
 .ARM.attributes
                0x00000bc2       0x2a C:/devkitPro/devkitARM/bin/../lib/gcc/arm-none-eabi/14.2.0/../../../../arm-none-eabi/lib/thumb\libsysbase.a(libsysbase_libsysbase_a-getreent.o)
 .ARM.attributes
                0x00000bec       0x2a C:/devkitPro/devkitARM/bin/../lib/gcc/arm-none-eabi/14.2.0/../../../../arm-none-eabi/lib/thumb\libsysbase.a(libsysbase_libsysbase_a-handle_manager.o)
 .ARM.attributes
                0x00000c16       0x2a C:/devkitPro/devkitARM/bin/../lib/gcc/arm-none-eabi/14.2.0/../../../../arm-none-eabi/lib/thumb\libsysbase.a(libsysbase_libsysbase_a-iosupport.o)
 .ARM.attributes
                0x00000c40       0x2a C:/devkitPro/devkitARM/bin/../lib/gcc/arm-none-eabi/14.2.0/../../../../arm-none-eabi/lib/thumb\libsysbase.a(libsysbase_libsysbase_a-isatty.o)
 .ARM.attributes
                0x00000c6a       0x2a C:/devkitPro/devkitARM/bin/../lib/gcc/arm-none-eabi/14.2.0/../../../../arm-none-eabi/lib/thumb\libsysbase.a(libsysbase_libsysbase_a-kill.o)
 .ARM.attributes
                0x00000c94       0x2a C:/devkitPro/devkitARM/bin/../lib/gcc/arm-none-eabi/14.2.0/../../../../arm-none-eabi/lib/thumb\libsysbase.a(libsysbase_libsysbase_a-lseek.o)
 .ARM.attributes
                0x00000cbe       0x2a C:/devkitPro/devkitARM/bin/../lib/gcc/arm-none-eabi/14.2.0/../../../../arm-none-eabi/lib/thumb\libsysbase.a(libsysbase_libsysbase_a-malloc_vars.o)
 .ARM.attributes
                0x00000ce8       0x2a C:/devkitPro/devkitARM/bin/../lib/gcc/arm-none-eabi/14.2.0/../../../../arm-none-eabi/lib/thumb\libsysbase.a(libsysbase_libsysbase_a-read.o)
 .ARM.attributes
                0x00000d12       0x2a C:/devkitPro/devkitARM/bin/../lib/gcc/arm-none-eabi/14.2.0/../../../../arm-none-eabi/lib/thumb\libsysbase.a(libsysbase_libsysbase_a-sbrk.o)
 .ARM.attributes
                0x00000d3c       0x2a C:/devkitPro/devkitARM/bin/../lib/gcc/arm-none-eabi/14.2.0/../../../../arm-none-eabi/lib/thumb\libsysbase.a(libsysbase_libsysbase_a-syscall_support.o)
 .ARM.attributes
                0x00000d66       0x2a C:/devkitPro/devkitARM/bin/../lib/gcc/arm-none-eabi/14.2.0/../../../../arm-none-eabi/lib/thumb\libsysbase.a(libsysbase_libsysbase_a-write.o)
 .ARM.attributes
                0x00000d90       0x2a C:/devkitPro/devkitARM/bin/../lib/gcc/arm-none-eabi/14.2.0/../../../../arm-none-eabi/lib/thumb\libsysbase.a(libsysbase_libsysbase_a-clocks.o)
 .ARM.attributes
                0x00000dba       0x1c C:/devkitPro/devkitARM/bin/../lib/gcc/arm-none-eabi/14.2.0/thumb\libgcc.a(_thumb1_case_uqi.o)
 .ARM.attributes
                0x00000dd6       0x1c C:/devkitPro/devkitARM/bin/../lib/gcc/arm-none-eabi/14.2.0/thumb\libgcc.a(_thumb1_case_uhi.o)
 .ARM.attributes
                0x00000df2       0x1c C:/devkitPro/devkitARM/bin/../lib/gcc/arm-none-eabi/14.2.0/thumb\libgcc.a(_arm_muldf3.o)
 .ARM.attributes
                0x00000e0e       0x1c C:/devkitPro/devkitARM/bin/../lib/gcc/arm-none-eabi/14.2.0/thumb\libgcc.a(_divsi3.o)
 .ARM.attributes
                0x00000e2a       0x1c C:/devkitPro/devkitARM/bin/../lib/gcc/arm-none-eabi/14.2.0/thumb\libgcc.a(_arm_addsubdf3.o)
 .ARM.attributes
                0x00000e46       0x1c C:/devkitPro/devkitARM/bin/../lib/gcc/arm-none-eabi/14.2.0/thumb\libgcc.a(_arm_muldivdf3.o)
 .ARM.attributes
                0x00000e62       0x1c C:/devkitPro/devkitARM/bin/../lib/gcc/arm-none-eabi/14.2.0/thumb\libgcc.a(_arm_cmpdf2.o)
 .ARM.attributes
                0x00000e7e       0x1c C:/devkitPro/devkitARM/bin/../lib/gcc/arm-none-eabi/14.2.0/thumb\libgcc.a(_arm_unorddf2.o)
 .ARM.attributes
                0x00000e9a       0x1c C:/devkitPro/devkitARM/bin/../lib/gcc/arm-none-eabi/14.2.0/thumb\libgcc.a(_arm_fixdfsi.o)
 .ARM.attributes
                0x00000eb6       0x1c C:/devkitPro/devkitARM/bin/../lib/gcc/arm-none-eabi/14.2.0/thumb\libgcc.a(_aeabi_uldivmod.o)
 .ARM.attributes
                0x00000ed2       0x2a C:/devkitPro/devkitARM/bin/../lib/gcc/arm-none-eabi/14.2.0/thumb\libgcc.a(_muldi3.o)
 .ARM.attributes
                0x00000efc       0x2a C:/devkitPro/devkitARM/bin/../lib/gcc/arm-none-eabi/14.2.0/thumb\libgcc.a(_udivmoddi4.o)
 .ARM.attributes
                0x00000f26       0x1c C:/devkitPro/devkitARM/bin/../lib/gcc/arm-none-eabi/14.2.0/thumb\libgcc.a(_clzdi2.o)
 .ARM.attributes
                0x00000f42       0x1c C:/devkitPro/devkitARM/bin/../lib/gcc/arm-none-eabi/14.2.0/thumb\libgcc.a(_clzsi2.o)
 .ARM.attributes
                0x00000f5e       0x2a C:/devkitPro/devkitARM/bin/../lib/gcc/arm-none-eabi/14.2.0/../../../../arm-none-eabi/lib/thumb\libg.a(libc_a-malloc.o)
 .ARM.attributes
                0x00000f88       0x2a C:/devkitPro/devkitARM/bin/../lib/gcc/arm-none-eabi/14.2.0/thumb/crtend.o
 .ARM.attributes
                0x00000fb2       0x1c C:/devkitPro/devkitARM/bin/../lib/gcc/arm-none-eabi/14.2.0/thumb/crtn.o

/DISCARD/
 *(.note.GNU-stack)
LOAD C:/devkitPro/devkitARM/bin/../lib/gcc/arm-none-eabi/14.2.0/../../../../arm-none-eabi/lib/thumb/gba_crt0.o
LOAD C:/devkitPro/devkitARM/bin/../lib/gcc/arm-none-eabi/14.2.0/thumb/crti.o
LOAD C:/devkitPro/devkitARM/bin/../lib/gcc/arm-none-eabi/14.2.0/thumb/crtbegin.o
LOAD debug.o
LOAD draw.o
LOAD input.o
LOAD main.o
LOAD maths.o
LOAD timer.o
LOAD video.o
LOAD C:/devkitPro/libgba/lib\libmm.a
LOAD C:/devkitPro/libtonc/lib\libtonc.a
LOAD C:/devkitPro/devkitARM/bin/../lib/gcc/arm-none-eabi/14.2.0/../../../../arm-none-eabi/lib/thumb\libstdc++.a
LOAD C:/devkitPro/devkitARM/bin/../lib/gcc/arm-none-eabi/14.2.0/../../../../arm-none-eabi/lib/thumb\libm.a
START GROUP
LOAD C:/devkitPro/devkitARM/bin/../lib/gcc/arm-none-eabi/14.2.0/thumb\libgcc.a
LOAD C:/devkitPro/devkitARM/bin/../lib/gcc/arm-none-eabi/14.2.0/../../../../arm-none-eabi/lib/thumb\libg.a
LOAD C:/devkitPro/devkitARM/bin/../lib/gcc/arm-none-eabi/14.2.0/../../../../arm-none-eabi/lib/thumb\libc.a
LOAD C:/devkitPro/devkitARM/bin/../lib/gcc/arm-none-eabi/14.2.0/../../../../arm-none-eabi/lib/thumb\libsysbase.a
END GROUP
LOAD C:/devkitPro/devkitARM/bin/../lib/gcc/arm-none-eabi/14.2.0/thumb/crtend.o
LOAD C:/devkitPro/devkitARM/bin/../lib/gcc/arm-none-eabi/14.2.0/thumb/crtn.o
OUTPUT(C:/Users/Kellin/Desktop/Console_Projects/4_GameBoy_Advance/1_GBA_3D_Cube_Renderer/3DRenderer.elf elf32-littlearm)
LOAD linker stubs

.debug_loclists
                0x00000000      0x52d
 .debug_loclists
                0x00000000       0x8f debug.o
 .debug_loclists
                0x0000008f      0x408 draw.o
 .debug_loclists
                0x00000497       0x54 input.o
 .debug_loclists
                0x000004eb       0x24 maths.o
 .debug_loclists
                0x0000050f       0x1e timer.o

.debug_rnglists
                0x00000000       0x74
 .debug_rnglists
                0x00000000       0x13 debug.o
 .debug_rnglists
                0x00000013       0x4e draw.o
 .debug_rnglists
                0x00000061       0x13 main.o
